Archive member included to satisfy reference by file (symbol)

/usr/lib/gcc/arm-none-eabi/11.1.0/../../../../arm-none-eabi/lib/thumb/v7-m/nofp/libc_nano.a(lib_a-atexit.o)
                              /usr/lib/gcc/arm-none-eabi/11.1.0/../../../../arm-none-eabi/lib/thumb/v7-m/nofp/crt0.o (atexit)
/usr/lib/gcc/arm-none-eabi/11.1.0/../../../../arm-none-eabi/lib/thumb/v7-m/nofp/libc_nano.a(lib_a-exit.o)
                              /usr/lib/gcc/arm-none-eabi/11.1.0/../../../../arm-none-eabi/lib/thumb/v7-m/nofp/crt0.o (exit)
/usr/lib/gcc/arm-none-eabi/11.1.0/../../../../arm-none-eabi/lib/thumb/v7-m/nofp/libc_nano.a(lib_a-fini.o)
                              /usr/lib/gcc/arm-none-eabi/11.1.0/../../../../arm-none-eabi/lib/thumb/v7-m/nofp/crt0.o (__libc_fini_array)
/usr/lib/gcc/arm-none-eabi/11.1.0/../../../../arm-none-eabi/lib/thumb/v7-m/nofp/libc_nano.a(lib_a-impure.o)
                              /usr/lib/gcc/arm-none-eabi/11.1.0/../../../../arm-none-eabi/lib/thumb/v7-m/nofp/libc_nano.a(lib_a-exit.o) (_global_impure_ptr)
/usr/lib/gcc/arm-none-eabi/11.1.0/../../../../arm-none-eabi/lib/thumb/v7-m/nofp/libc_nano.a(lib_a-init.o)
                              /usr/lib/gcc/arm-none-eabi/11.1.0/../../../../arm-none-eabi/lib/thumb/v7-m/nofp/crt0.o (__libc_init_array)
/usr/lib/gcc/arm-none-eabi/11.1.0/../../../../arm-none-eabi/lib/thumb/v7-m/nofp/libc_nano.a(lib_a-memcpy-stub.o)
                              build/queue.o (memcpy)
/usr/lib/gcc/arm-none-eabi/11.1.0/../../../../arm-none-eabi/lib/thumb/v7-m/nofp/libc_nano.a(lib_a-memset.o)
                              /usr/lib/gcc/arm-none-eabi/11.1.0/../../../../arm-none-eabi/lib/thumb/v7-m/nofp/crt0.o (memset)
/usr/lib/gcc/arm-none-eabi/11.1.0/../../../../arm-none-eabi/lib/thumb/v7-m/nofp/libc_nano.a(lib_a-strlen.o)
                              build/SEGGER_RTT.o (strlen)
/usr/lib/gcc/arm-none-eabi/11.1.0/../../../../arm-none-eabi/lib/thumb/v7-m/nofp/libc_nano.a(lib_a-__atexit.o)
                              /usr/lib/gcc/arm-none-eabi/11.1.0/../../../../arm-none-eabi/lib/thumb/v7-m/nofp/libc_nano.a(lib_a-atexit.o) (__register_exitproc)
/usr/lib/gcc/arm-none-eabi/11.1.0/../../../../arm-none-eabi/lib/thumb/v7-m/nofp/libc_nano.a(lib_a-__call_atexit.o)
                              /usr/lib/gcc/arm-none-eabi/11.1.0/../../../../arm-none-eabi/lib/thumb/v7-m/nofp/libc_nano.a(lib_a-__atexit.o) (__call_exitprocs)
/usr/lib/gcc/arm-none-eabi/11.1.0/../../../../arm-none-eabi/lib/thumb/v7-m/nofp/libc_nano.a(lib_a-lock.o)
                              /usr/lib/gcc/arm-none-eabi/11.1.0/../../../../arm-none-eabi/lib/thumb/v7-m/nofp/libc_nano.a(lib_a-__atexit.o) (__retarget_lock_acquire_recursive)
/usr/lib/gcc/arm-none-eabi/11.1.0/../../../../arm-none-eabi/lib/thumb/v7-m/nofp/libnosys.a(_exit.o)
                              /usr/lib/gcc/arm-none-eabi/11.1.0/../../../../arm-none-eabi/lib/thumb/v7-m/nofp/libc_nano.a(lib_a-exit.o) (_exit)

Discarded input sections

 .text          0x0000000000000000        0x0 /usr/lib/gcc/arm-none-eabi/11.1.0/thumb/v7-m/nofp/crti.o
 .data          0x0000000000000000        0x0 /usr/lib/gcc/arm-none-eabi/11.1.0/thumb/v7-m/nofp/crti.o
 .bss           0x0000000000000000        0x0 /usr/lib/gcc/arm-none-eabi/11.1.0/thumb/v7-m/nofp/crti.o
 .text          0x0000000000000000        0x0 /usr/lib/gcc/arm-none-eabi/11.1.0/thumb/v7-m/nofp/crtbegin.o
 .data          0x0000000000000000        0x0 /usr/lib/gcc/arm-none-eabi/11.1.0/thumb/v7-m/nofp/crtbegin.o
 .bss           0x0000000000000000        0x0 /usr/lib/gcc/arm-none-eabi/11.1.0/thumb/v7-m/nofp/crtbegin.o
 .rodata.all_implied_fbits
                0x0000000000000000       0x24 /usr/lib/gcc/arm-none-eabi/11.1.0/thumb/v7-m/nofp/crtbegin.o
 .data.__dso_handle
                0x0000000000000000        0x4 /usr/lib/gcc/arm-none-eabi/11.1.0/thumb/v7-m/nofp/crtbegin.o
 .text          0x0000000000000000       0x70 /usr/lib/gcc/arm-none-eabi/11.1.0/../../../../arm-none-eabi/lib/thumb/v7-m/nofp/crt0.o
 .data          0x0000000000000000        0x0 /usr/lib/gcc/arm-none-eabi/11.1.0/../../../../arm-none-eabi/lib/thumb/v7-m/nofp/crt0.o
 .bss           0x0000000000000000        0x0 /usr/lib/gcc/arm-none-eabi/11.1.0/../../../../arm-none-eabi/lib/thumb/v7-m/nofp/crt0.o
 .ARM.extab     0x0000000000000000        0x0 /usr/lib/gcc/arm-none-eabi/11.1.0/../../../../arm-none-eabi/lib/thumb/v7-m/nofp/crt0.o
 .ARM.exidx     0x0000000000000000       0x10 /usr/lib/gcc/arm-none-eabi/11.1.0/../../../../arm-none-eabi/lib/thumb/v7-m/nofp/crt0.o
 .ARM.attributes
                0x0000000000000000       0x1b /usr/lib/gcc/arm-none-eabi/11.1.0/../../../../arm-none-eabi/lib/thumb/v7-m/nofp/crt0.o
 .text          0x0000000000000000        0x0 build/main.o
 .data          0x0000000000000000        0x0 build/main.o
 .bss           0x0000000000000000        0x0 build/main.o
 .bss.count     0x0000000000000000        0x4 build/main.o
 .bss.uart_rx_buffer
                0x0000000000000000        0x1 build/main.o
[...]
Memory Configuration

Name             Origin             Length             Attributes
RAM              0x0000000020000000 0x0000000000002800 xrw
FLASH            0x0000000008000000 0x0000000000008000 xr
*default*        0x0000000000000000 0xffffffffffffffff

Linker script and memory map

LOAD /usr/lib/gcc/arm-none-eabi/11.1.0/thumb/v7-m/nofp/crti.o
LOAD /usr/lib/gcc/arm-none-eabi/11.1.0/thumb/v7-m/nofp/crtbegin.o
LOAD /usr/lib/gcc/arm-none-eabi/11.1.0/../../../../arm-none-eabi/lib/thumb/v7-m/nofp/crt0.o
LOAD build/main.o
LOAD build/freertos.o
LOAD build/stm32f1xx_it.o
LOAD build/stm32f1xx_hal_msp.o
LOAD build/stm32f1xx_hal_timebase_tim.o
LOAD build/stm32f1xx_hal_gpio_ex.o
LOAD build/stm32f1xx_hal.o
LOAD build/stm32f1xx_hal_rcc.o
LOAD build/stm32f1xx_hal_rcc_ex.o
LOAD build/stm32f1xx_hal_gpio.o
LOAD build/stm32f1xx_hal_dma.o
LOAD build/stm32f1xx_hal_cortex.o
LOAD build/stm32f1xx_hal_pwr.o
LOAD build/stm32f1xx_hal_flash.o
LOAD build/stm32f1xx_hal_flash_ex.o
LOAD build/stm32f1xx_hal_exti.o
LOAD build/stm32f1xx_hal_tim.o
LOAD build/stm32f1xx_hal_tim_ex.o
LOAD build/system_stm32f1xx.o
LOAD build/croutine.o
LOAD build/event_groups.o
LOAD build/list.o
LOAD build/queue.o
LOAD build/stream_buffer.o
LOAD build/tasks.o
LOAD build/timers.o
LOAD build/cmsis_os2.o
LOAD build/heap_4.o
LOAD build/port.o
LOAD build/stm32f1xx_hal_uart.o
LOAD build/stm32f1xx_hal_i2c.o
LOAD build/stm32f1xx_hal_spi.o
LOAD build/base.o
LOAD build/SEGGER_RTT.o
LOAD build/SEGGER_RTT_printf.o
LOAD build/task_blink.o
LOAD build/startup_stm32f103x6.o
LOAD /usr/lib/gcc/arm-none-eabi/11.1.0/../../../../arm-none-eabi/lib/thumb/v7-m/nofp/libc_nano.a
LOAD /usr/lib/gcc/arm-none-eabi/11.1.0/../../../../arm-none-eabi/lib/thumb/v7-m/nofp/libm.a
LOAD /usr/lib/gcc/arm-none-eabi/11.1.0/../../../../arm-none-eabi/lib/thumb/v7-m/nofp/libnosys.a
START GROUP
LOAD /usr/lib/gcc/arm-none-eabi/11.1.0/thumb/v7-m/nofp/libgcc.a
LOAD /usr/lib/gcc/arm-none-eabi/11.1.0/../../../../arm-none-eabi/lib/thumb/v7-m/nofp/libc_nano.a
END GROUP
START GROUP
LOAD /usr/lib/gcc/arm-none-eabi/11.1.0/thumb/v7-m/nofp/libgcc.a
LOAD /usr/lib/gcc/arm-none-eabi/11.1.0/../../../../arm-none-eabi/lib/thumb/v7-m/nofp/libc_nano.a
END GROUP
LOAD /usr/lib/gcc/arm-none-eabi/11.1.0/thumb/v7-m/nofp/crtend.o
LOAD /usr/lib/gcc/arm-none-eabi/11.1.0/thumb/v7-m/nofp/crtn.o
                0x0000000020002800                _estack = 0x20002800
                0x0000000000000200                _Min_Heap_Size = 0x200
                0x0000000000000400                _Min_Stack_Size = 0x400

.isr_vector     0x0000000008000000      0x10c
                0x0000000008000000                . = ALIGN (0x4)
 *(.isr_vector)
 .isr_vector    0x0000000008000000      0x10c build/startup_stm32f103x6.o
                0x0000000008000000                g_pfnVectors
                0x000000000800010c                . = ALIGN (0x4)

.text           0x0000000008000110     0x3cc8
                0x0000000008000110                . = ALIGN (0x4)
 *(.text)
 *(.text*)
 .text.__do_global_dtors_aux
                0x0000000008000110       0x24 /usr/lib/gcc/arm-none-eabi/11.1.0/thumb/v7-m/nofp/crtbegin.o
 .text.frame_dummy
                0x0000000008000134       0x1c /usr/lib/gcc/arm-none-eabi/11.1.0/thumb/v7-m/nofp/crtbegin.o
 .text.App_RTOS_Init
                0x0000000008000150       0x10 build/main.o
 .text.main     0x0000000008000160       0x10 build/main.o
                0x0000000008000160                main
 .text.HAL_TIM_PeriodElapsedCallback
                0x0000000008000170       0x18 build/main.o
                0x0000000008000170                HAL_TIM_PeriodElapsedCallback
 .text.NMI_Handler
                0x0000000008000188        0x2 build/stm32f1xx_it.o
                0x0000000008000188                NMI_Handler
 .text.HardFault_Handler
                0x000000000800018a        0x2 build/stm32f1xx_it.o
                0x000000000800018a                HardFault_Handler
 .text.MemManage_Handler
                0x000000000800018c        0x2 build/stm32f1xx_it.o
                0x000000000800018c                MemManage_Handler
 .text.BusFault_Handler
                0x000000000800018e        0x2 build/stm32f1xx_it.o
                0x000000000800018e                BusFault_Handler
 .text.UsageFault_Handler
                0x0000000008000190        0x2 build/stm32f1xx_it.o
                0x0000000008000190                UsageFault_Handler
 .text.DebugMon_Handler
                0x0000000008000192        0x2 build/stm32f1xx_it.o
                0x0000000008000192                DebugMon_Handler
 .text.TIM3_IRQHandler
                0x0000000008000194       0x10 build/stm32f1xx_it.o
                0x0000000008000194                TIM3_IRQHandler
 .text.USART1_IRQHandler
                0x00000000080001a4       0x10 build/stm32f1xx_it.o
                0x00000000080001a4                USART1_IRQHandler
 .text.HAL_MspInit
                0x00000000080001b4       0x54 build/stm32f1xx_hal_msp.o
                0x00000000080001b4                HAL_MspInit
 .text.HAL_I2C_MspInit
                0x0000000008000208       0x68 build/stm32f1xx_hal_msp.o
                0x0000000008000208                HAL_I2C_MspInit
 .text.HAL_SPI_MspInit
                0x0000000008000270       0x74 build/stm32f1xx_hal_msp.o
                0x0000000008000270                HAL_SPI_MspInit
 .text.HAL_UART_MspInit
                0x00000000080002e4       0x88 build/stm32f1xx_hal_msp.o
                0x00000000080002e4                HAL_UART_MspInit
 .text.HAL_InitTick
                0x000000000800036c       0x78 build/stm32f1xx_hal_timebase_tim.o
                0x000000000800036c                HAL_InitTick
 .text.HAL_Init
                0x00000000080003e4       0x24 build/stm32f1xx_hal.o
                0x00000000080003e4                HAL_Init
 .text.HAL_IncTick
                0x0000000008000408       0x18 build/stm32f1xx_hal.o
                0x0000000008000408                HAL_IncTick
 .text.HAL_GetTick
                0x0000000008000420        0xc build/stm32f1xx_hal.o
                0x0000000008000420                HAL_GetTick
 .text.RCC_Delay
                0x000000000800042c       0x2c build/stm32f1xx_hal_rcc.o
 .text.HAL_RCC_OscConfig
                0x0000000008000458      0x410 build/stm32f1xx_hal_rcc.o
                0x0000000008000458                HAL_RCC_OscConfig
 .text.HAL_RCC_GetSysClockFreq
                0x0000000008000868       0x70 build/stm32f1xx_hal_rcc.o
                0x0000000008000868                HAL_RCC_GetSysClockFreq
 .text.HAL_RCC_ClockConfig
                0x00000000080008d8      0x16c build/stm32f1xx_hal_rcc.o
                0x00000000080008d8                HAL_RCC_ClockConfig
 .text.HAL_RCC_GetHCLKFreq
                0x0000000008000a44        0xc build/stm32f1xx_hal_rcc.o
                0x0000000008000a44                HAL_RCC_GetHCLKFreq
 .text.HAL_RCC_GetPCLK1Freq
                0x0000000008000a50       0x20 build/stm32f1xx_hal_rcc.o
                0x0000000008000a50                HAL_RCC_GetPCLK1Freq
 .text.HAL_RCC_GetPCLK2Freq
                0x0000000008000a70       0x20 build/stm32f1xx_hal_rcc.o
                0x0000000008000a70                HAL_RCC_GetPCLK2Freq
 .text.HAL_RCC_GetClockConfig
                0x0000000008000a90       0x3c build/stm32f1xx_hal_rcc.o
                0x0000000008000a90                HAL_RCC_GetClockConfig
 .text.HAL_GPIO_Init
                0x0000000008000acc      0x220 build/stm32f1xx_hal_gpio.o
                0x0000000008000acc                HAL_GPIO_Init
 .text.HAL_GPIO_WritePin
                0x0000000008000cec        0xc build/stm32f1xx_hal_gpio.o
                0x0000000008000cec                HAL_GPIO_WritePin
 .text.HAL_GPIO_TogglePin
                0x0000000008000cf8       0x12 build/stm32f1xx_hal_gpio.o
                0x0000000008000cf8                HAL_GPIO_TogglePin
 *fill*         0x0000000008000d0a        0x2 
 .text.HAL_DMA_Abort_IT
                0x0000000008000d0c       0x98 build/stm32f1xx_hal_dma.o
                0x0000000008000d0c                HAL_DMA_Abort_IT
 .text.HAL_NVIC_SetPriorityGrouping
                0x0000000008000da4       0x24 build/stm32f1xx_hal_cortex.o
                0x0000000008000da4                HAL_NVIC_SetPriorityGrouping
 .text.HAL_NVIC_SetPriority
                0x0000000008000dc8       0x70 build/stm32f1xx_hal_cortex.o
                0x0000000008000dc8                HAL_NVIC_SetPriority
 .text.HAL_NVIC_EnableIRQ
                0x0000000008000e38       0x1c build/stm32f1xx_hal_cortex.o
                0x0000000008000e38                HAL_NVIC_EnableIRQ
 .text.HAL_TIM_Base_MspInit
                0x0000000008000e54        0x2 build/stm32f1xx_hal_tim.o
                0x0000000008000e54                HAL_TIM_Base_MspInit
 *fill*         0x0000000008000e56        0x2 
 .text.HAL_TIM_Base_Start_IT
                0x0000000008000e58       0x60 build/stm32f1xx_hal_tim.o
                0x0000000008000e58                HAL_TIM_Base_Start_IT
 .text.HAL_TIM_OC_DelayElapsedCallback
                0x0000000008000eb8        0x2 build/stm32f1xx_hal_tim.o
                0x0000000008000eb8                HAL_TIM_OC_DelayElapsedCallback
 .text.HAL_TIM_IC_CaptureCallback
                0x0000000008000eba        0x2 build/stm32f1xx_hal_tim.o
                0x0000000008000eba                HAL_TIM_IC_CaptureCallback
 .text.HAL_TIM_PWM_PulseFinishedCallback
                0x0000000008000ebc        0x2 build/stm32f1xx_hal_tim.o
                0x0000000008000ebc                HAL_TIM_PWM_PulseFinishedCallback
 .text.HAL_TIM_TriggerCallback
                0x0000000008000ebe        0x2 build/stm32f1xx_hal_tim.o
                0x0000000008000ebe                HAL_TIM_TriggerCallback
 .text.HAL_TIM_IRQHandler
                0x0000000008000ec0      0x17a build/stm32f1xx_hal_tim.o
                0x0000000008000ec0                HAL_TIM_IRQHandler
 *fill*         0x000000000800103a        0x2 
 .text.TIM_Base_SetConfig
                0x000000000800103c       0x64 build/stm32f1xx_hal_tim.o
                0x000000000800103c                TIM_Base_SetConfig
 .text.HAL_TIM_Base_Init
                0x00000000080010a0       0x58 build/stm32f1xx_hal_tim.o
                0x00000000080010a0                HAL_TIM_Base_Init
 .text.HAL_TIMEx_CommutCallback
                0x00000000080010f8        0x2 build/stm32f1xx_hal_tim_ex.o
                0x00000000080010f8                HAL_TIMEx_CommutCallback
 .text.HAL_TIMEx_BreakCallback
                0x00000000080010fa        0x2 build/stm32f1xx_hal_tim_ex.o
                0x00000000080010fa                HAL_TIMEx_BreakCallback
 .text.SystemInit
                0x00000000080010fc        0x2 build/system_stm32f1xx.o
                0x00000000080010fc                SystemInit
 .text.vListInitialise
                0x00000000080010fe       0x16 build/list.o
                0x00000000080010fe                vListInitialise
 .text.vListInitialiseItem
                0x0000000008001114        0x6 build/list.o
                0x0000000008001114                vListInitialiseItem
 .text.vListInsertEnd
                0x000000000800111a       0x16 build/list.o
                0x000000000800111a                vListInsertEnd
 .text.vListInsert
                0x0000000008001130       0x32 build/list.o
                0x0000000008001130                vListInsert
 .text.uxListRemove
                0x0000000008001162       0x26 build/list.o
                0x0000000008001162                uxListRemove
 .text.prvIsQueueFull
                0x0000000008001188       0x1e build/queue.o
 .text.prvIsQueueEmpty
                0x00000000080011a6       0x1a build/queue.o
 .text.prvCopyDataToQueue
                0x00000000080011c0       0x76 build/queue.o
 .text.prvCopyDataFromQueue
                0x0000000008001236       0x24 build/queue.o
 .text.prvUnlockQueue
                0x000000000800125a       0x6e build/queue.o
 .text.xQueueGenericReset
                0x00000000080012c8       0x84 build/queue.o
                0x00000000080012c8                xQueueGenericReset
 .text.prvInitialiseNewQueue
                0x000000000800134c       0x22 build/queue.o
 .text.xQueueGenericCreateStatic
                0x000000000800136e       0x92 build/queue.o
                0x000000000800136e                xQueueGenericCreateStatic
 .text.xQueueGenericSend
                0x0000000008001400      0x188 build/queue.o
                0x0000000008001400                xQueueGenericSend
 .text.xQueueGenericSendFromISR
                0x0000000008001588       0xcc build/queue.o
                0x0000000008001588                xQueueGenericSendFromISR
 .text.xQueueReceive
                0x0000000008001654      0x15e build/queue.o
                0x0000000008001654                xQueueReceive
 *fill*         0x00000000080017b2        0x2 
 .text.vQueueAddToRegistry
                0x00000000080017b4       0x28 build/queue.o
                0x00000000080017b4                vQueueAddToRegistry
 .text.vQueueWaitForMessageRestricted
                0x00000000080017dc       0x52 build/queue.o
                0x00000000080017dc                vQueueWaitForMessageRestricted
 *fill*         0x000000000800182e        0x2 
 .text.prvResetNextTaskUnblockTime
                0x0000000008001830       0x2c build/tasks.o
 .text.prvInitialiseNewTask
                0x000000000800185c       0x98 build/tasks.o
 .text.prvInitialiseTaskLists
                0x00000000080018f4       0x68 build/tasks.o
 .text.prvAddNewTaskToReadyList
                0x000000000800195c       0xac build/tasks.o
 .text.prvDeleteTCB
                0x0000000008001a08       0x38 build/tasks.o
 .text.prvCheckTasksWaitingTermination
                0x0000000008001a40       0x4c build/tasks.o
 .text.prvIdleTask
                0x0000000008001a8c       0x28 build/tasks.o
 .text.prvAddCurrentTaskToDelayedList
                0x0000000008001ab4       0x7c build/tasks.o
 .text.xTaskCreateStatic
                0x0000000008001b30       0x74 build/tasks.o
                0x0000000008001b30                xTaskCreateStatic
 .text.xTaskCreate
                0x0000000008001ba4       0x68 build/tasks.o
                0x0000000008001ba4                xTaskCreate
 .text.eTaskGetState
                0x0000000008001c0c       0x80 build/tasks.o
                0x0000000008001c0c                eTaskGetState
 .text.vTaskStartScheduler
                0x0000000008001c8c       0x9c build/tasks.o
                0x0000000008001c8c                vTaskStartScheduler
 .text.vTaskSuspendAll
                0x0000000008001d28       0x10 build/tasks.o
                0x0000000008001d28                vTaskSuspendAll
 .text.xTaskGetTickCount
                0x0000000008001d38        0xc build/tasks.o
                0x0000000008001d38                xTaskGetTickCount
 .text.xTaskIncrementTick
                0x0000000008001d44      0x118 build/tasks.o
                0x0000000008001d44                xTaskIncrementTick
 .text.xTaskResumeAll
                0x0000000008001e5c       0xf8 build/tasks.o
                0x0000000008001e5c                xTaskResumeAll
 .text.vTaskDelay
                0x0000000008001f54       0x4c build/tasks.o
                0x0000000008001f54                vTaskDelay
 .text.vTaskSwitchContext
                0x0000000008001fa0       0x94 build/tasks.o
                0x0000000008001fa0                vTaskSwitchContext
 .text.vTaskPlaceOnEventList
                0x0000000008002034       0x30 build/tasks.o
                0x0000000008002034                vTaskPlaceOnEventList
 .text.vTaskPlaceOnEventListRestricted
                0x0000000008002064       0x38 build/tasks.o
                0x0000000008002064                vTaskPlaceOnEventListRestricted
 .text.xTaskRemoveFromEventList
                0x000000000800209c       0x8c build/tasks.o
                0x000000000800209c                xTaskRemoveFromEventList
 .text.vTaskInternalSetTimeOutState
                0x0000000008002128       0x18 build/tasks.o
                0x0000000008002128                vTaskInternalSetTimeOutState
 .text.xTaskCheckForTimeOut
                0x0000000008002140       0x84 build/tasks.o
                0x0000000008002140                xTaskCheckForTimeOut
 .text.vTaskMissedYield
                0x00000000080021c4        0xc build/tasks.o
                0x00000000080021c4                vTaskMissedYield
 .text.xTaskGetSchedulerState
                0x00000000080021d0       0x20 build/tasks.o
                0x00000000080021d0                xTaskGetSchedulerState
 .text.xTaskPriorityDisinherit
                0x00000000080021f0       0x90 build/tasks.o
                0x00000000080021f0                xTaskPriorityDisinherit
 .text.prvGetNextExpireTime
                0x0000000008002280       0x20 build/timers.o
 .text.prvInsertTimerInActiveList
                0x00000000080022a0       0x48 build/timers.o
 .text.prvCheckForValidListAndQueue
                0x00000000080022e8       0x70 build/timers.o
 .text.xTimerCreateTimerTask
                0x0000000008002358       0x64 build/timers.o
                0x0000000008002358                xTimerCreateTimerTask
 .text.xTimerGenericCommand
                0x00000000080023bc       0x6c build/timers.o
                0x00000000080023bc                xTimerGenericCommand
 .text.prvSwitchTimerLists
                0x0000000008002428       0x78 build/timers.o
 .text.prvSampleTimeNow
                0x00000000080024a0       0x2c build/timers.o
 .text.prvProcessExpiredTimer
                0x00000000080024cc       0x60 build/timers.o
 .text.prvProcessTimerOrBlockTask
                0x000000000800252c       0x74 build/timers.o
 .text.prvProcessReceivedCommands
                0x00000000080025a0       0xf8 build/timers.o
 .text.prvTimerTask
                0x0000000008002698       0x16 build/timers.o
 *fill*         0x00000000080026ae        0x2 
 .text.osKernelInitialize
                0x00000000080026b0       0x44 build/cmsis_os2.o
                0x00000000080026b0                osKernelInitialize
 .text.osKernelStart
                0x00000000080026f4       0x4c build/cmsis_os2.o
                0x00000000080026f4                osKernelStart
 .text.osThreadNew
                0x0000000008002740       0xec build/cmsis_os2.o
                0x0000000008002740                osThreadNew
 .text.osThreadGetState
                0x000000000800282c       0x64 build/cmsis_os2.o
                0x000000000800282c                osThreadGetState
 .text.osDelay  0x0000000008002890       0x44 build/cmsis_os2.o
                0x0000000008002890                osDelay
 .text.vApplicationGetIdleTaskMemory
                0x00000000080028d4       0x18 build/cmsis_os2.o
                0x00000000080028d4                vApplicationGetIdleTaskMemory
 .text.vApplicationGetTimerTaskMemory
                0x00000000080028ec       0x18 build/cmsis_os2.o
                0x00000000080028ec                vApplicationGetTimerTaskMemory
 .text.prvHeapInit
                0x0000000008002904       0x64 build/heap_4.o
 .text.prvInsertBlockIntoFreeList
                0x0000000008002968       0x60 build/heap_4.o
 .text.pvPortMalloc
                0x00000000080029c8       0xf0 build/heap_4.o
                0x00000000080029c8                pvPortMalloc
 .text.vPortFree
                0x0000000008002ab8       0x70 build/heap_4.o
                0x0000000008002ab8                vPortFree
 .text.prvTaskExitError
                0x0000000008002b28       0x40 build/port.o
 .text.prvPortStartFirstTask
                0x0000000008002b68       0x20 build/port.o
 .text.pxPortInitialiseStack
                0x0000000008002b88       0x24 build/port.o
                0x0000000008002b88                pxPortInitialiseStack
 *fill*         0x0000000008002bac        0x4 
 .text.SVC_Handler
                0x0000000008002bb0       0x24 build/port.o
                0x0000000008002bb0                SVC_Handler
 .text.vPortEnterCritical
                0x0000000008002bd4       0x44 build/port.o
                0x0000000008002bd4                vPortEnterCritical
 .text.vPortExitCritical
                0x0000000008002c18       0x2c build/port.o
                0x0000000008002c18                vPortExitCritical
 *fill*         0x0000000008002c44        0xc 
 .text.PendSV_Handler
                0x0000000008002c50       0x44 build/port.o
                0x0000000008002c50                PendSV_Handler
 .text.SysTick_Handler
                0x0000000008002c94       0x2c build/port.o
                0x0000000008002c94                SysTick_Handler
 .text.vPortSetupTimerInterrupt
                0x0000000008002cc0       0x28 build/port.o
                0x0000000008002cc0                vPortSetupTimerInterrupt
 .text.xPortStartScheduler
                0x0000000008002ce8       0xc0 build/port.o
                0x0000000008002ce8                xPortStartScheduler
 .text.vPortValidateInterruptPriority
                0x0000000008002da8       0x5c build/port.o
                0x0000000008002da8                vPortValidateInterruptPriority
 .text.UART_EndRxTransfer
                0x0000000008002e04       0x1c build/stm32f1xx_hal_uart.o
 .text.UART_Transmit_IT
                0x0000000008002e20       0x60 build/stm32f1xx_hal_uart.o
 .text.UART_SetConfig
                0x0000000008002e80       0x94 build/stm32f1xx_hal_uart.o
 .text.HAL_UART_Init
                0x0000000008002f14       0x5e build/stm32f1xx_hal_uart.o
                0x0000000008002f14                HAL_UART_Init
 .text.HAL_UART_TxCpltCallback
                0x0000000008002f72        0x2 build/stm32f1xx_hal_uart.o
                0x0000000008002f72                HAL_UART_TxCpltCallback
 .text.UART_EndTransmit_IT
                0x0000000008002f74       0x1a build/stm32f1xx_hal_uart.o
 .text.HAL_UART_RxCpltCallback
                0x0000000008002f8e        0x2 build/stm32f1xx_hal_uart.o
                0x0000000008002f8e                HAL_UART_RxCpltCallback
 .text.UART_Receive_IT
                0x0000000008002f90       0x94 build/stm32f1xx_hal_uart.o
 .text.HAL_UART_ErrorCallback
                0x0000000008003024        0x2 build/stm32f1xx_hal_uart.o
                0x0000000008003024                HAL_UART_ErrorCallback
 *fill*         0x0000000008003026        0x2 
 .text.HAL_UART_IRQHandler
                0x0000000008003028      0x128 build/stm32f1xx_hal_uart.o
                0x0000000008003028                HAL_UART_IRQHandler
 .text.UART_DMAAbortOnError
                0x0000000008003150       0x10 build/stm32f1xx_hal_uart.o
 .text.HAL_I2C_Init
                0x0000000008003160      0x1bc build/stm32f1xx_hal_i2c.o
                0x0000000008003160                HAL_I2C_Init
 .text.HAL_SPI_Init
                0x000000000800331c       0xb6 build/stm32f1xx_hal_spi.o
                0x000000000800331c                HAL_SPI_Init
 *fill*         0x00000000080033d2        0x2 
 .text.MX_GPIO_Init
                0x00000000080033d4       0xbc build/base.o
 .text.USER_PRINT
                0x0000000008003490       0x1e build/base.o
                0x0000000008003490                USER_PRINT
 .text.Error_Handler
                0x00000000080034ae        0x4 build/base.o
                0x00000000080034ae                Error_Handler
 .text.SystemClock_Config
                0x00000000080034b2       0x52 build/base.o
 .text.MX_USART1_UART_Init
                0x0000000008003504       0x34 build/base.o
 .text.MX_I2C1_Init
                0x0000000008003538       0x38 build/base.o
 .text.MX_SPI1_Init
                0x0000000008003570       0x40 build/base.o
 .text.Base_Chip_Init
                0x00000000080035b0       0xa0 build/base.o
                0x00000000080035b0                Base_Chip_Init
 .text._GetAvailWriteSpace
                0x0000000008003650       0x18 build/SEGGER_RTT.o
 .text._WriteNoCheck
                0x0000000008003668       0x44 build/SEGGER_RTT.o
 .text._WriteBlocking
                0x00000000080036ac       0x5e build/SEGGER_RTT.o
 *fill*         0x000000000800370a        0x2 
 .text._DoInit  0x000000000800370c       0x64 build/SEGGER_RTT.o
 .text.SEGGER_RTT_WriteNoLock
                0x0000000008003770       0x6c build/SEGGER_RTT.o
                0x0000000008003770                SEGGER_RTT_WriteNoLock
 .text.SEGGER_RTT_Write
                0x00000000080037dc       0x34 build/SEGGER_RTT.o
                0x00000000080037dc                SEGGER_RTT_Write
 .text.SEGGER_RTT_ConfigUpBuffer
                0x0000000008003810       0x70 build/SEGGER_RTT.o
                0x0000000008003810                SEGGER_RTT_ConfigUpBuffer
 .text.SEGGER_RTT_Init
                0x0000000008003880        0x8 build/SEGGER_RTT.o
                0x0000000008003880                SEGGER_RTT_Init
 .text._StoreChar
                0x0000000008003888       0x40 build/SEGGER_RTT_printf.o
 .text._PrintUnsigned
                0x00000000080038c8       0xe0 build/SEGGER_RTT_printf.o
 .text._PrintInt
                0x00000000080039a8       0xea build/SEGGER_RTT_printf.o
 *fill*         0x0000000008003a92        0x2 
 .text.SEGGER_RTT_vprintf
                0x0000000008003a94      0x1f0 build/SEGGER_RTT_printf.o
                0x0000000008003a94                SEGGER_RTT_vprintf
 .text.SEGGER_RTT_printf
                0x0000000008003c84       0x1e build/SEGGER_RTT_printf.o
                0x0000000008003c84                SEGGER_RTT_printf
 *fill*         0x0000000008003ca2        0x2 
 .text.App_Task_Blink
                0x0000000008003ca4       0x1c build/task_blink.o
                0x0000000008003ca4                App_Task_Blink
 .text.App_Task_Blink_Init
                0x0000000008003cc0       0x40 build/task_blink.o
                0x0000000008003cc0                App_Task_Blink_Init
 .text.Reset_Handler
                0x0000000008003d00       0x48 build/startup_stm32f103x6.o
                0x0000000008003d00                Reset_Handler
 .text.Default_Handler
                0x0000000008003d48        0x2 build/startup_stm32f103x6.o
                0x0000000008003d48                RTC_Alarm_IRQHandler
                0x0000000008003d48                EXTI2_IRQHandler
                0x0000000008003d48                TIM1_CC_IRQHandler
                0x0000000008003d48                PVD_IRQHandler
                0x0000000008003d48                EXTI3_IRQHandler
                0x0000000008003d48                EXTI0_IRQHandler
                0x0000000008003d48                ADC1_2_IRQHandler
                0x0000000008003d48                SPI1_IRQHandler
                0x0000000008003d48                TAMPER_IRQHandler
                0x0000000008003d48                DMA1_Channel4_IRQHandler
                0x0000000008003d48                RTC_IRQHandler
                0x0000000008003d48                DMA1_Channel7_IRQHandler
                0x0000000008003d48                CAN1_RX1_IRQHandler
                0x0000000008003d48                I2C1_EV_IRQHandler
                0x0000000008003d48                DMA1_Channel6_IRQHandler
                0x0000000008003d48                RCC_IRQHandler
                0x0000000008003d48                TIM1_TRG_COM_IRQHandler
                0x0000000008003d48                DMA1_Channel1_IRQHandler
                0x0000000008003d48                Default_Handler
                0x0000000008003d48                EXTI15_10_IRQHandler
                0x0000000008003d48                EXTI9_5_IRQHandler
                0x0000000008003d48                DMA1_Channel5_IRQHandler
                0x0000000008003d48                EXTI4_IRQHandler
                0x0000000008003d48                USB_LP_CAN1_RX0_IRQHandler
                0x0000000008003d48                USB_HP_CAN1_TX_IRQHandler
                0x0000000008003d48                DMA1_Channel3_IRQHandler
                0x0000000008003d48                TIM1_UP_IRQHandler
                0x0000000008003d48                WWDG_IRQHandler
                0x0000000008003d48                TIM2_IRQHandler
                0x0000000008003d48                TIM1_BRK_IRQHandler
                0x0000000008003d48                EXTI1_IRQHandler
                0x0000000008003d48                USART2_IRQHandler
                0x0000000008003d48                DMA1_Channel2_IRQHandler
                0x0000000008003d48                CAN1_SCE_IRQHandler
                0x0000000008003d48                FLASH_IRQHandler
                0x0000000008003d48                I2C1_ER_IRQHandler
                0x0000000008003d48                USBWakeUp_IRQHandler
 *fill*         0x0000000008003d4a        0x2 
 .text.__libc_init_array
                0x0000000008003d4c       0x48 /usr/lib/gcc/arm-none-eabi/11.1.0/../../../../arm-none-eabi/lib/thumb/v7-m/nofp/libc_nano.a(lib_a-init.o)
                0x0000000008003d4c                __libc_init_array
 .text.memcpy   0x0000000008003d94       0x1c /usr/lib/gcc/arm-none-eabi/11.1.0/../../../../arm-none-eabi/lib/thumb/v7-m/nofp/libc_nano.a(lib_a-memcpy-stub.o)
                0x0000000008003d94                memcpy
 .text.memset   0x0000000008003db0       0x10 /usr/lib/gcc/arm-none-eabi/11.1.0/../../../../arm-none-eabi/lib/thumb/v7-m/nofp/libc_nano.a(lib_a-memset.o)
                0x0000000008003db0                memset
 *(.glue_7)
 .glue_7        0x0000000008003dc0        0x0 linker stubs
 *(.glue_7t)
 .glue_7t       0x0000000008003dc0        0x0 linker stubs
 *(.eh_frame)
 .eh_frame      0x0000000008003dc0        0x0 /usr/lib/gcc/arm-none-eabi/11.1.0/thumb/v7-m/nofp/crtbegin.o
 *(.init)
 .init          0x0000000008003dc0        0x4 /usr/lib/gcc/arm-none-eabi/11.1.0/thumb/v7-m/nofp/crti.o
                0x0000000008003dc0                _init
 .init          0x0000000008003dc4        0x8 /usr/lib/gcc/arm-none-eabi/11.1.0/thumb/v7-m/nofp/crtn.o
 *(.fini)
 .fini          0x0000000008003dcc        0x4 /usr/lib/gcc/arm-none-eabi/11.1.0/thumb/v7-m/nofp/crti.o
                0x0000000008003dcc                _fini
 .fini          0x0000000008003dd0        0x8 /usr/lib/gcc/arm-none-eabi/11.1.0/thumb/v7-m/nofp/crtn.o
                0x0000000008003dd8                . = ALIGN (0x4)
                0x0000000008003dd8                _etext = .

.vfp11_veneer   0x0000000008003dd8        0x0
 .vfp11_veneer  0x0000000008003dd8        0x0 linker stubs

.v4_bx          0x0000000008003dd8        0x0
 .v4_bx         0x0000000008003dd8        0x0 linker stubs

.iplt           0x0000000008003dd8        0x0
 .iplt          0x0000000008003dd8        0x0 /usr/lib/gcc/arm-none-eabi/11.1.0/thumb/v7-m/nofp/crtbegin.o

.rodata         0x0000000008003dd8      0x1ac
                0x0000000008003dd8                . = ALIGN (0x4)
 *(.rodata)
 *(.rodata*)
 .rodata.HAL_RCC_GetSysClockFreq.str1.4
                0x0000000008003dd8       0x11 build/stm32f1xx_hal_rcc.o
 *fill*         0x0000000008003de9        0x3 
 .rodata.AHBPrescTable
                0x0000000008003dec       0x10 build/system_stm32f1xx.o
                0x0000000008003dec                AHBPrescTable
 .rodata.APBPrescTable
                0x0000000008003dfc        0x8 build/system_stm32f1xx.o
                0x0000000008003dfc                APBPrescTable
 .rodata.vTaskStartScheduler.str1.4
                0x0000000008003e04        0x5 build/tasks.o
 *fill*         0x0000000008003e09        0x3 
 .rodata.prvCheckForValidListAndQueue.str1.4
                0x0000000008003e0c        0x5 build/timers.o
 *fill*         0x0000000008003e11        0x3 
 .rodata.xTimerCreateTimerTask.str1.4
                0x0000000008003e14        0x8 build/timers.o
 .rodata.Base_Chip_Init.str1.4
                0x0000000008003e1c      0x140 build/base.o
 .rodata._DoInit.str1.4
                0x0000000008003f5c        0xb build/SEGGER_RTT.o
                                         0x17 (size before relaxing)
 *fill*         0x0000000008003f67        0x1 
 .rodata._aV2C.0
                0x0000000008003f68       0x10 build/SEGGER_RTT_printf.o
 .rodata.App_Task_Blink_Init.str1.4
                0x0000000008003f78        0xa build/task_blink.o
                0x0000000008003f84                . = ALIGN (0x4)
 *fill*         0x0000000008003f82        0x2 

.rel.dyn        0x0000000008003f84        0x0
 .rel.iplt      0x0000000008003f84        0x0 /usr/lib/gcc/arm-none-eabi/11.1.0/thumb/v7-m/nofp/crtbegin.o

.ARM.extab
 *(.ARM.extab* .gnu.linkonce.armextab.*)

.ARM            0x0000000008003f84        0x0
                0x0000000008003f84                __exidx_start = .
 *(.ARM.exidx*)
                0x0000000008003f84                __exidx_end = .

.preinit_array  0x0000000008003f84        0x0
                0x0000000008003f84                PROVIDE (__preinit_array_start = .)
 *(.preinit_array*)
                0x0000000008003f84                PROVIDE (__preinit_array_end = .)

.init_array     0x0000000008003f84        0x4
                0x0000000008003f84                PROVIDE (__init_array_start = .)
 *(SORT_BY_NAME(.init_array.*))
 *(.init_array*)
 .init_array    0x0000000008003f84        0x4 /usr/lib/gcc/arm-none-eabi/11.1.0/thumb/v7-m/nofp/crtbegin.o
                0x0000000008003f88                PROVIDE (__init_array_end = .)

.fini_array     0x0000000008003f88        0x4
                0x0000000008003f88                PROVIDE (__fini_array_start = .)
 *(SORT_BY_NAME(.fini_array.*))
 *(.fini_array*)
 .fini_array    0x0000000008003f88        0x4 /usr/lib/gcc/arm-none-eabi/11.1.0/thumb/v7-m/nofp/crtbegin.o
                0x0000000008003f8c                PROVIDE (__fini_array_end = .)
                0x0000000008003f8c                _sidata = LOADADDR (.data)

.data           0x0000000020000000       0x10 load address 0x0000000008003f8c
                0x0000000020000000                . = ALIGN (0x4)
                0x0000000020000000                _sdata = .
 *(.data)
 *(.data*)
 .data.uwTickFreq
                0x0000000020000000        0x1 build/stm32f1xx_hal.o
                0x0000000020000000                uwTickFreq
 *fill*         0x0000000020000001        0x3 
 .data.uwTickPrio
                0x0000000020000004        0x4 build/stm32f1xx_hal.o
                0x0000000020000004                uwTickPrio
 .data.SystemCoreClock
                0x0000000020000008        0x4 build/system_stm32f1xx.o
                0x0000000020000008                SystemCoreClock
 .data.uxCriticalNesting
                0x000000002000000c        0x4 build/port.o
                0x0000000020000010                . = ALIGN (0x4)
                0x0000000020000010                _edata = .

.igot.plt       0x0000000020000010        0x0 load address 0x0000000008003f9c
 .igot.plt      0x0000000020000010        0x0 /usr/lib/gcc/arm-none-eabi/11.1.0/thumb/v7-m/nofp/crtbegin.o
                0x0000000020000010                . = ALIGN (0x4)

.bss            0x0000000020000010     0x2054 load address 0x0000000008003f9c
                0x0000000020000010                _sbss = .
                0x0000000020000010                __bss_start__ = _sbss
 *(.bss)
 *(.bss*)
 .bss.completed.1
                0x0000000020000010        0x1 /usr/lib/gcc/arm-none-eabi/11.1.0/thumb/v7-m/nofp/crtbegin.o
 *fill*         0x0000000020000011        0x3 
 .bss.object.0  0x0000000020000014       0x18 /usr/lib/gcc/arm-none-eabi/11.1.0/thumb/v7-m/nofp/crtbegin.o
 .bss.htim3     0x000000002000002c       0x48 build/stm32f1xx_hal_timebase_tim.o
                0x000000002000002c                htim3
 .bss.uwTick    0x0000000020000074        0x4 build/stm32f1xx_hal.o
                0x0000000020000074                uwTick
 .bss.xQueueRegistry
                0x0000000020000078       0x40 build/queue.o
                0x0000000020000078                xQueueRegistry
 .bss.pxCurrentTCB
                0x00000000200000b8        0x4 build/tasks.o
                0x00000000200000b8                pxCurrentTCB
 .bss.pxDelayedTaskList
                0x00000000200000bc        0x4 build/tasks.o
 .bss.pxOverflowDelayedTaskList
                0x00000000200000c0        0x4 build/tasks.o
 .bss.pxReadyTasksLists
                0x00000000200000c4      0x460 build/tasks.o
 .bss.uxCurrentNumberOfTasks
                0x0000000020000524        0x4 build/tasks.o
 .bss.uxDeletedTasksWaitingCleanUp
                0x0000000020000528        0x4 build/tasks.o
 .bss.uxPendedTicks
                0x000000002000052c        0x4 build/tasks.o
 .bss.uxSchedulerSuspended
                0x0000000020000530        0x4 build/tasks.o
 .bss.uxTaskNumber
                0x0000000020000534        0x4 build/tasks.o
 .bss.uxTopReadyPriority
                0x0000000020000538        0x4 build/tasks.o
 .bss.xDelayedTaskList1
                0x000000002000053c       0x14 build/tasks.o
 .bss.xDelayedTaskList2
                0x0000000020000550       0x14 build/tasks.o
 .bss.xIdleTaskHandle
                0x0000000020000564        0x4 build/tasks.o
 .bss.xNextTaskUnblockTime
                0x0000000020000568        0x4 build/tasks.o
 .bss.xNumOfOverflows
                0x000000002000056c        0x4 build/tasks.o
 .bss.xPendingReadyList
                0x0000000020000570       0x14 build/tasks.o
 .bss.xSchedulerRunning
                0x0000000020000584        0x4 build/tasks.o
 .bss.xSuspendedTaskList
                0x0000000020000588       0x14 build/tasks.o
 .bss.xTasksWaitingTermination
                0x000000002000059c       0x14 build/tasks.o
 .bss.xTickCount
                0x00000000200005b0        0x4 build/tasks.o
 .bss.xYieldPending
                0x00000000200005b4        0x4 build/tasks.o
 .bss.pxCurrentTimerList
                0x00000000200005b8        0x4 build/timers.o
 .bss.pxOverflowTimerList
                0x00000000200005bc        0x4 build/timers.o
 .bss.ucStaticTimerQueueStorage.1
                0x00000000200005c0       0xa0 build/timers.o
 .bss.xActiveTimerList1
                0x0000000020000660       0x14 build/timers.o
 .bss.xActiveTimerList2
                0x0000000020000674       0x14 build/timers.o
 .bss.xLastTime.2
                0x0000000020000688        0x4 build/timers.o
 .bss.xStaticTimerQueue.0
                0x000000002000068c       0x50 build/timers.o
 .bss.xTimerQueue
                0x00000000200006dc        0x4 build/timers.o
 .bss.xTimerTaskHandle
                0x00000000200006e0        0x4 build/timers.o
 .bss.Idle_Stack
                0x00000000200006e4      0x200 build/cmsis_os2.o
 .bss.Idle_TCB  0x00000000200008e4       0x5c build/cmsis_os2.o
 .bss.KernelState
                0x0000000020000940        0x4 build/cmsis_os2.o
 .bss.Timer_Stack
                0x0000000020000944      0x400 build/cmsis_os2.o
 .bss.Timer_TCB
                0x0000000020000d44       0x5c build/cmsis_os2.o
 .bss.pxEnd     0x0000000020000da0        0x4 build/heap_4.o
 .bss.ucHeap    0x0000000020000da4      0xc00 build/heap_4.o
 .bss.xBlockAllocatedBit
                0x00000000200019a4        0x4 build/heap_4.o
 .bss.xFreeBytesRemaining
                0x00000000200019a8        0x4 build/heap_4.o
 .bss.xMinimumEverFreeBytesRemaining
                0x00000000200019ac        0x4 build/heap_4.o
 .bss.xStart    0x00000000200019b0        0x8 build/heap_4.o
 .bss.ucMaxSysCallPriority
                0x00000000200019b8        0x1 build/port.o
 *fill*         0x00000000200019b9        0x3 
 .bss.ulMaxPRIGROUPValue
                0x00000000200019bc        0x4 build/port.o
 .bss.RTTupBuf  0x00000000200019c0      0x100 build/base.o
                0x00000000200019c0                RTTupBuf
 .bss.hi2c1     0x0000000020001ac0       0x54 build/base.o
                0x0000000020001ac0                hi2c1
 .bss.hspi1     0x0000000020001b14       0x58 build/base.o
                0x0000000020001b14                hspi1
 .bss.huart1    0x0000000020001b6c       0x40 build/base.o
                0x0000000020001b6c                huart1
 .bss._SEGGER_RTT
                0x0000000020001bac       0xa8 build/SEGGER_RTT.o
                0x0000000020001bac                _SEGGER_RTT
 .bss._acDownBuffer
                0x0000000020001c54       0x10 build/SEGGER_RTT.o
 .bss._acUpBuffer
                0x0000000020001c64      0x400 build/SEGGER_RTT.o
 *(COMMON)
                0x0000000020002064                . = ALIGN (0x4)
                0x0000000020002064                _ebss = .
                0x0000000020002064                __bss_end__ = _ebss

._user_heap_stack
                0x0000000020002064      0x604 load address 0x0000000008003f9c
                0x0000000020002068                . = ALIGN (0x8)
 *fill*         0x0000000020002064        0x4 
                [!provide]                        PROVIDE (end = .)
                [!provide]                        PROVIDE (_end = .)
                0x0000000020002268                . = (. + _Min_Heap_Size)
 *fill*         0x0000000020002068      0x200 
                0x0000000020002668                . = (. + _Min_Stack_Size)
 *fill*         0x0000000020002268      0x400 
                0x0000000020002668                . = ALIGN (0x8)

/DISCARD/
 libc.a(*)
 libm.a(*)
 libgcc.a(*)

.ARM.attributes
                0x0000000000000000       0x29
 *(.ARM.attributes)
 .ARM.attributes
                0x0000000000000000       0x1d /usr/lib/gcc/arm-none-eabi/11.1.0/thumb/v7-m/nofp/crti.o
 .ARM.attributes
                0x000000000000001d       0x2d /usr/lib/gcc/arm-none-eabi/11.1.0/thumb/v7-m/nofp/crtbegin.o
 .ARM.attributes
                0x000000000000004a       0x2d build/main.o
 .ARM.attributes
                0x0000000000000077       0x2d build/stm32f1xx_it.o
 .ARM.attributes
                0x00000000000000a4       0x2d build/stm32f1xx_hal_msp.o
 .ARM.attributes
                0x00000000000000d1       0x2d build/stm32f1xx_hal_timebase_tim.o
 .ARM.attributes
                0x00000000000000fe       0x2d build/stm32f1xx_hal.o
 .ARM.attributes
                0x000000000000012b       0x2d build/stm32f1xx_hal_rcc.o
 .ARM.attributes
                0x0000000000000158       0x2d build/stm32f1xx_hal_gpio.o
 .ARM.attributes
                0x0000000000000185       0x2d build/stm32f1xx_hal_dma.o
 .ARM.attributes
                0x00000000000001b2       0x2d build/stm32f1xx_hal_cortex.o
 .ARM.attributes
                0x00000000000001df       0x2d build/stm32f1xx_hal_tim.o
 .ARM.attributes
                0x000000000000020c       0x2d build/stm32f1xx_hal_tim_ex.o
 .ARM.attributes
                0x0000000000000239       0x2d build/system_stm32f1xx.o
 .ARM.attributes
                0x0000000000000266       0x2d build/list.o
 .ARM.attributes
                0x0000000000000293       0x2d build/queue.o
 .ARM.attributes
                0x00000000000002c0       0x2d build/tasks.o
 .ARM.attributes
                0x00000000000002ed       0x2d build/timers.o
 .ARM.attributes
                0x000000000000031a       0x2d build/cmsis_os2.o
 .ARM.attributes
                0x0000000000000347       0x2d build/heap_4.o
 .ARM.attributes
                0x0000000000000374       0x2d build/port.o
 .ARM.attributes
                0x00000000000003a1       0x2d build/stm32f1xx_hal_uart.o
 .ARM.attributes
                0x00000000000003ce       0x2d build/stm32f1xx_hal_i2c.o
 .ARM.attributes
                0x00000000000003fb       0x2d build/stm32f1xx_hal_spi.o
 .ARM.attributes
                0x0000000000000428       0x2d build/base.o
 .ARM.attributes
                0x0000000000000455       0x2d build/SEGGER_RTT.o
 .ARM.attributes
                0x0000000000000482       0x2d build/SEGGER_RTT_printf.o
 .ARM.attributes
                0x00000000000004af       0x2d build/task_blink.o
 .ARM.attributes
                0x00000000000004dc       0x21 build/startup_stm32f103x6.o
 .ARM.attributes
                0x00000000000004fd       0x2d /usr/lib/gcc/arm-none-eabi/11.1.0/../../../../arm-none-eabi/lib/thumb/v7-m/nofp/libc_nano.a(lib_a-init.o)
 .ARM.attributes
                0x000000000000052a       0x2d /usr/lib/gcc/arm-none-eabi/11.1.0/../../../../arm-none-eabi/lib/thumb/v7-m/nofp/libc_nano.a(lib_a-memcpy-stub.o)
 .ARM.attributes
                0x0000000000000557       0x2d /usr/lib/gcc/arm-none-eabi/11.1.0/../../../../arm-none-eabi/lib/thumb/v7-m/nofp/libc_nano.a(lib_a-memset.o)
 .ARM.attributes
                0x0000000000000584       0x1d /usr/lib/gcc/arm-none-eabi/11.1.0/thumb/v7-m/nofp/crtn.o
OUTPUT(build/quadcopter_firmware.elf elf32-littlearm)
LOAD linker stubs
LOAD /usr/lib/gcc/arm-none-eabi/11.1.0/../../../../arm-none-eabi/lib/thumb/v7-m/nofp/libc.a
LOAD /usr/lib/gcc/arm-none-eabi/11.1.0/../../../../arm-none-eabi/lib/thumb/v7-m/nofp/libm.a
LOAD /usr/lib/gcc/arm-none-eabi/11.1.0/thumb/v7-m/nofp/libgcc.a

.debug_info     0x0000000000000000    0x2497e
 .debug_info    0x0000000000000000      0x823 build/main.o
 .debug_info    0x0000000000000823      0xa27 build/stm32f1xx_it.o
 .debug_info    0x000000000000124a     0x12ac build/stm32f1xx_hal_msp.o
 .debug_info    0x00000000000024f6      0xafb build/stm32f1xx_hal_timebase_tim.o
 .debug_info    0x0000000000002ff1      0x862 build/stm32f1xx_hal.o
 .debug_info    0x0000000000003853      0xb0c build/stm32f1xx_hal_rcc.o
 .debug_info    0x000000000000435f      0x6d7 build/stm32f1xx_hal_gpio.o
 .debug_info    0x0000000000004a36      0x8b8 build/stm32f1xx_hal_dma.o
 .debug_info    0x00000000000052ee      0xe15 build/stm32f1xx_hal_cortex.o
 .debug_info    0x0000000000006103     0x3e15 build/stm32f1xx_hal_tim.o
 .debug_info    0x0000000000009f18     0x1c07 build/stm32f1xx_hal_tim_ex.o
 .debug_info    0x000000000000bb1f      0x26e build/system_stm32f1xx.o
 .debug_info    0x000000000000bd8d      0x309 build/list.o
 .debug_info    0x000000000000c096     0x2927 build/queue.o
 .debug_info    0x000000000000e9bd     0x3219 build/tasks.o
 .debug_info    0x0000000000011bd6     0x1bca build/timers.o
 .debug_info    0x00000000000137a0     0x5246 build/cmsis_os2.o
 .debug_info    0x00000000000189e6      0x4a1 build/heap_4.o
 .debug_info    0x0000000000018e87      0x563 build/port.o
 .debug_info    0x00000000000193ea     0x19e7 build/stm32f1xx_hal_uart.o
 .debug_info    0x000000000001add1     0x3c51 build/stm32f1xx_hal_i2c.o
 .debug_info    0x000000000001ea22     0x1efc build/stm32f1xx_hal_spi.o
 .debug_info    0x000000000002091e     0x14c9 build/base.o
 .debug_info    0x0000000000021de7     0x1eef build/SEGGER_RTT.o
 .debug_info    0x0000000000023cd6      0x6fd build/SEGGER_RTT_printf.o
 .debug_info    0x00000000000243d3      0x589 build/task_blink.o
 .debug_info    0x000000000002495c       0x22 build/startup_stm32f103x6.o

.debug_abbrev   0x0000000000000000     0x4465
 .debug_abbrev  0x0000000000000000      0x1fa build/main.o
 .debug_abbrev  0x00000000000001fa      0x17d build/stm32f1xx_it.o
 .debug_abbrev  0x0000000000000377      0x213 build/stm32f1xx_hal_msp.o
 .debug_abbrev  0x000000000000058a      0x21a build/stm32f1xx_hal_timebase_tim.o
 .debug_abbrev  0x00000000000007a4      0x232 build/stm32f1xx_hal.o
 .debug_abbrev  0x00000000000009d6      0x2b8 build/stm32f1xx_hal_rcc.o
 .debug_abbrev  0x0000000000000c8e      0x222 build/stm32f1xx_hal_gpio.o
 .debug_abbrev  0x0000000000000eb0      0x261 build/stm32f1xx_hal_dma.o
 .debug_abbrev  0x0000000000001111      0x348 build/stm32f1xx_hal_cortex.o
 .debug_abbrev  0x0000000000001459      0x2b6 build/stm32f1xx_hal_tim.o
 .debug_abbrev  0x000000000000170f      0x2b0 build/stm32f1xx_hal_tim_ex.o
 .debug_abbrev  0x00000000000019bf      0x140 build/system_stm32f1xx.o
 .debug_abbrev  0x0000000000001aff      0x124 build/list.o
 .debug_abbrev  0x0000000000001c23      0x454 build/queue.o
 .debug_abbrev  0x0000000000002077      0x400 build/tasks.o
 .debug_abbrev  0x0000000000002477      0x3cb build/timers.o
 .debug_abbrev  0x0000000000002842      0x4c6 build/cmsis_os2.o
 .debug_abbrev  0x0000000000002d08      0x267 build/heap_4.o
 .debug_abbrev  0x0000000000002f6f      0x2c2 build/port.o
 .debug_abbrev  0x0000000000003231      0x2df build/stm32f1xx_hal_uart.o
 .debug_abbrev  0x0000000000003510      0x31e build/stm32f1xx_hal_i2c.o
 .debug_abbrev  0x000000000000382e      0x2c6 build/stm32f1xx_hal_spi.o
 .debug_abbrev  0x0000000000003af4      0x299 build/base.o
 .debug_abbrev  0x0000000000003d8d      0x2cd build/SEGGER_RTT.o
 .debug_abbrev  0x000000000000405a      0x222 build/SEGGER_RTT_printf.o
 .debug_abbrev  0x000000000000427c      0x1d7 build/task_blink.o
 .debug_abbrev  0x0000000000004453       0x12 build/startup_stm32f103x6.o

.debug_loc      0x0000000000000000    0x22086
 .debug_loc     0x0000000000000000       0xa2 build/main.o
 .debug_loc     0x00000000000000a2       0x40 build/stm32f1xx_it.o
 .debug_loc     0x00000000000000e2      0x2e8 build/stm32f1xx_hal_msp.o
 .debug_loc     0x00000000000003ca       0xcd build/stm32f1xx_hal_timebase_tim.o
 .debug_loc     0x0000000000000497      0x1e1 build/stm32f1xx_hal.o
 .debug_loc     0x0000000000000678      0x7ee build/stm32f1xx_hal_rcc.o
 .debug_loc     0x0000000000000e66      0x511 build/stm32f1xx_hal_gpio.o
 .debug_loc     0x0000000000001377      0x8fb build/stm32f1xx_hal_dma.o
 .debug_loc     0x0000000000001c72      0x80c build/stm32f1xx_hal_cortex.o
 .debug_loc     0x000000000000247e     0x53df build/stm32f1xx_hal_tim.o
 .debug_loc     0x000000000000785d     0x1ef8 build/stm32f1xx_hal_tim_ex.o
 .debug_loc     0x0000000000009755       0xff build/system_stm32f1xx.o
 .debug_loc     0x0000000000009854       0xe5 build/list.o
 .debug_loc     0x0000000000009939     0x1e5d build/queue.o
 .debug_loc     0x000000000000b796     0x2ad0 build/tasks.o
 .debug_loc     0x000000000000e266     0x134d build/timers.o
 .debug_loc     0x000000000000f5b3     0x62c5 build/cmsis_os2.o
 .debug_loc     0x0000000000015878      0x3c1 build/heap_4.o
 .debug_loc     0x0000000000015c39      0x16c build/port.o
 .debug_loc     0x0000000000015da5     0x1daf build/stm32f1xx_hal_uart.o
 .debug_loc     0x0000000000017b54     0x4b8c build/stm32f1xx_hal_i2c.o
 .debug_loc     0x000000000001c6e0     0x247b build/stm32f1xx_hal_spi.o
 .debug_loc     0x000000000001eb5b      0x172 build/base.o
 .debug_loc     0x000000000001eccd     0x2a4a build/SEGGER_RTT.o
 .debug_loc     0x0000000000021717      0x8dd build/SEGGER_RTT_printf.o
 .debug_loc     0x0000000000021ff4       0x92 build/task_blink.o

.debug_aranges  0x0000000000000000     0x1908
 .debug_aranges
                0x0000000000000000       0x30 build/main.o
 .debug_aranges
                0x0000000000000030       0x58 build/stm32f1xx_it.o
 .debug_aranges
                0x0000000000000088       0x50 build/stm32f1xx_hal_msp.o
 .debug_aranges
                0x00000000000000d8       0x30 build/stm32f1xx_hal_timebase_tim.o
 .debug_aranges
                0x0000000000000108       0xe0 build/stm32f1xx_hal.o
 .debug_aranges
                0x00000000000001e8       0x90 build/stm32f1xx_hal_rcc.o
 .debug_aranges
                0x0000000000000278       0x58 build/stm32f1xx_hal_gpio.o
 .debug_aranges
                0x00000000000002d0       0x80 build/stm32f1xx_hal_dma.o
 .debug_aranges
                0x0000000000000350       0x90 build/stm32f1xx_hal_cortex.o
 .debug_aranges
                0x00000000000003e0      0x3d0 build/stm32f1xx_hal_tim.o
 .debug_aranges
                0x00000000000007b0      0x168 build/stm32f1xx_hal_tim_ex.o
 .debug_aranges
                0x0000000000000918       0x28 build/system_stm32f1xx.o
 .debug_aranges
                0x0000000000000940       0x40 build/list.o
 .debug_aranges
                0x0000000000000980      0x158 build/queue.o
 .debug_aranges
                0x0000000000000ad8      0x1f8 build/tasks.o
 .debug_aranges
                0x0000000000000cd0       0xe0 build/timers.o
 .debug_aranges
                0x0000000000000db0      0x228 build/cmsis_os2.o
 .debug_aranges
                0x0000000000000fd8       0x50 build/heap_4.o
 .debug_aranges
                0x0000000000001028       0x78 build/port.o
 .debug_aranges
                0x00000000000010a0      0x1d0 build/stm32f1xx_hal_uart.o
 .debug_aranges
                0x0000000000001270      0x2a0 build/stm32f1xx_hal_i2c.o
 .debug_aranges
                0x0000000000001510      0x1d0 build/stm32f1xx_hal_spi.o
 .debug_aranges
                0x00000000000016e0       0x60 build/base.o
 .debug_aranges
                0x0000000000001740      0x138 build/SEGGER_RTT.o
 .debug_aranges
                0x0000000000001878       0x40 build/SEGGER_RTT_printf.o
 .debug_aranges
                0x00000000000018b8       0x28 build/task_blink.o
 .debug_aranges
                0x00000000000018e0       0x28 build/startup_stm32f103x6.o

.debug_ranges   0x0000000000000000     0x1c38
 .debug_ranges  0x0000000000000000       0x20 build/main.o
 .debug_ranges  0x0000000000000020       0x48 build/stm32f1xx_it.o
 .debug_ranges  0x0000000000000068       0x40 build/stm32f1xx_hal_msp.o
 .debug_ranges  0x00000000000000a8       0x20 build/stm32f1xx_hal_timebase_tim.o
 .debug_ranges  0x00000000000000c8       0xd0 build/stm32f1xx_hal.o
 .debug_ranges  0x0000000000000198       0xa0 build/stm32f1xx_hal_rcc.o
 .debug_ranges  0x0000000000000238       0x48 build/stm32f1xx_hal_gpio.o
 .debug_ranges  0x0000000000000280       0x70 build/stm32f1xx_hal_dma.o
 .debug_ranges  0x00000000000002f0       0xe0 build/stm32f1xx_hal_cortex.o
 .debug_ranges  0x00000000000003d0      0x3c0 build/stm32f1xx_hal_tim.o
 .debug_ranges  0x0000000000000790      0x158 build/stm32f1xx_hal_tim_ex.o
 .debug_ranges  0x00000000000008e8       0x18 build/system_stm32f1xx.o
 .debug_ranges  0x0000000000000900       0x30 build/list.o
 .debug_ranges  0x0000000000000930      0x218 build/queue.o
 .debug_ranges  0x0000000000000b48      0x320 build/tasks.o
 .debug_ranges  0x0000000000000e68       0xd0 build/timers.o
 .debug_ranges  0x0000000000000f38      0x218 build/cmsis_os2.o
 .debug_ranges  0x0000000000001150       0x40 build/heap_4.o
 .debug_ranges  0x0000000000001190       0x68 build/port.o
 .debug_ranges  0x00000000000011f8      0x1c0 build/stm32f1xx_hal_uart.o
 .debug_ranges  0x00000000000013b8      0x2a8 build/stm32f1xx_hal_i2c.o
 .debug_ranges  0x0000000000001660      0x1c0 build/stm32f1xx_hal_spi.o
 .debug_ranges  0x0000000000001820       0x50 build/base.o
 .debug_ranges  0x0000000000001870      0x360 build/SEGGER_RTT.o
 .debug_ranges  0x0000000000001bd0       0x30 build/SEGGER_RTT_printf.o
 .debug_ranges  0x0000000000001c00       0x18 build/task_blink.o
 .debug_ranges  0x0000000000001c18       0x20 build/startup_stm32f103x6.o

.debug_line     0x0000000000000000    0x1d5d4
 .debug_line    0x0000000000000000      0x222 build/main.o
 .debug_line    0x0000000000000222      0x262 build/stm32f1xx_it.o
 .debug_line    0x0000000000000484      0x3bf build/stm32f1xx_hal_msp.o
 .debug_line    0x0000000000000843      0x236 build/stm32f1xx_hal_timebase_tim.o
 .debug_line    0x0000000000000a79      0x4de build/stm32f1xx_hal.o
 .debug_line    0x0000000000000f57      0xbca build/stm32f1xx_hal_rcc.o
 .debug_line    0x0000000000001b21      0x56d build/stm32f1xx_hal_gpio.o
 .debug_line    0x000000000000208e      0x9f9 build/stm32f1xx_hal_dma.o
 .debug_line    0x0000000000002a87      0x5de build/stm32f1xx_hal_cortex.o
 .debug_line    0x0000000000003065     0x45b6 build/stm32f1xx_hal_tim.o
 .debug_line    0x000000000000761b     0x1bc9 build/stm32f1xx_hal_tim_ex.o
 .debug_line    0x00000000000091e4      0x1d4 build/system_stm32f1xx.o
 .debug_line    0x00000000000093b8      0x2cc build/list.o
 .debug_line    0x0000000000009684     0x1e46 build/queue.o
 .debug_line    0x000000000000b4ca     0x29d7 build/tasks.o
 .debug_line    0x000000000000dea1      0xcca build/timers.o
 .debug_line    0x000000000000eb6b     0x2c93 build/cmsis_os2.o
 .debug_line    0x00000000000117fe      0x588 build/heap_4.o
 .debug_line    0x0000000000011d86      0x55b build/port.o
 .debug_line    0x00000000000122e1     0x1b5b build/stm32f1xx_hal_uart.o
 .debug_line    0x0000000000013e3c     0x5244 build/stm32f1xx_hal_i2c.o
 .debug_line    0x0000000000019080     0x23f3 build/stm32f1xx_hal_spi.o
 .debug_line    0x000000000001b473      0x55c build/base.o
 .debug_line    0x000000000001b9cf     0x13cd build/SEGGER_RTT.o
 .debug_line    0x000000000001cd9c      0x5f8 build/SEGGER_RTT_printf.o
 .debug_line    0x000000000001d394      0x1c0 build/task_blink.o
 .debug_line    0x000000000001d554       0x80 build/startup_stm32f103x6.o

.debug_str      0x0000000000000000     0x7c23
 .debug_str     0x0000000000000000      0x69b build/main.o
                                        0x767 (size before relaxing)
 .debug_str     0x000000000000069b      0x26b build/stm32f1xx_it.o
                                        0x8cd (size before relaxing)
 .debug_str     0x0000000000000906      0x80c build/stm32f1xx_hal_msp.o
                                        0xd69 (size before relaxing)
 .debug_str     0x0000000000001112      0x16d build/stm32f1xx_hal_timebase_tim.o
                                        0xaae (size before relaxing)
 .debug_str     0x000000000000127f      0x2d9 build/stm32f1xx_hal.o
                                        0x7f0 (size before relaxing)
 .debug_str     0x0000000000001558      0x2c1 build/stm32f1xx_hal_rcc.o
                                        0x627 (size before relaxing)
 .debug_str     0x0000000000001819      0x14f build/stm32f1xx_hal_gpio.o
                                        0x3fc (size before relaxing)
 .debug_str     0x0000000000001968      0x241 build/stm32f1xx_hal_dma.o
                                        0x5f9 (size before relaxing)
 .debug_str     0x0000000000001ba9      0x39b build/stm32f1xx_hal_cortex.o
                                        0x895 (size before relaxing)
 .debug_str     0x0000000000001f44      0xee4 build/stm32f1xx_hal_tim.o
                                       0x166a (size before relaxing)
 .debug_str     0x0000000000002e28      0x58e build/stm32f1xx_hal_tim_ex.o
                                        0xeaf (size before relaxing)
 .debug_str     0x00000000000033b6       0x4b build/system_stm32f1xx.o
                                        0x242 (size before relaxing)
 .debug_str     0x0000000000003401      0x13d build/list.o
                                        0x2d7 (size before relaxing)
 .debug_str     0x000000000000353e      0x9a7 build/queue.o
                                        0xc62 (size before relaxing)
 .debug_str     0x0000000000003ee5      0xc27 build/tasks.o
                                       0x1251 (size before relaxing)
 .debug_str     0x0000000000004b0c      0x599 build/timers.o
                                        0xbd7 (size before relaxing)
 .debug_str     0x00000000000050a5      0xe7a build/cmsis_os2.o
                                       0x1933 (size before relaxing)
 .debug_str     0x0000000000005f1f      0x1c5 build/heap_4.o
                                        0x3cb (size before relaxing)
 .debug_str     0x00000000000060e4      0x16d build/port.o
                                        0x443 (size before relaxing)
 .debug_str     0x0000000000006251      0x520 build/stm32f1xx_hal_uart.o
                                        0xb9e (size before relaxing)
 .debug_str     0x0000000000006771      0x897 build/stm32f1xx_hal_i2c.o
                                        0xfb4 (size before relaxing)
 .debug_str     0x0000000000007008      0x51c build/stm32f1xx_hal_spi.o
                                        0xb5c (size before relaxing)
 .debug_str     0x0000000000007524      0x108 build/base.o
                                        0xcd6 (size before relaxing)
 .debug_str     0x000000000000762c      0x499 build/SEGGER_RTT.o
                                        0x68d (size before relaxing)
 .debug_str     0x0000000000007ac5       0xe1 build/SEGGER_RTT_printf.o
                                        0x2d5 (size before relaxing)
 .debug_str     0x0000000000007ba6       0x4b build/task_blink.o
                                        0x7c7 (size before relaxing)
 .debug_str     0x0000000000007bf1       0x32 build/startup_stm32f103x6.o
                                         0x86 (size before relaxing)

.comment        0x0000000000000000       0x1e
 .comment       0x0000000000000000       0x1e build/main.o
                                         0x1f (size before relaxing)
 .comment       0x000000000000001e       0x1f build/stm32f1xx_it.o
 .comment       0x000000000000001e       0x1f build/stm32f1xx_hal_msp.o
 .comment       0x000000000000001e       0x1f build/stm32f1xx_hal_timebase_tim.o
 .comment       0x000000000000001e       0x1f build/stm32f1xx_hal.o
 .comment       0x000000000000001e       0x1f build/stm32f1xx_hal_rcc.o
 .comment       0x000000000000001e       0x1f build/stm32f1xx_hal_gpio.o
 .comment       0x000000000000001e       0x1f build/stm32f1xx_hal_dma.o
 .comment       0x000000000000001e       0x1f build/stm32f1xx_hal_cortex.o
 .comment       0x000000000000001e       0x1f build/stm32f1xx_hal_tim.o
 .comment       0x000000000000001e       0x1f build/stm32f1xx_hal_tim_ex.o
 .comment       0x000000000000001e       0x1f build/system_stm32f1xx.o
 .comment       0x000000000000001e       0x1f build/list.o
 .comment       0x000000000000001e       0x1f build/queue.o
 .comment       0x000000000000001e       0x1f build/tasks.o
 .comment       0x000000000000001e       0x1f build/timers.o
 .comment       0x000000000000001e       0x1f build/cmsis_os2.o
 .comment       0x000000000000001e       0x1f build/heap_4.o
 .comment       0x000000000000001e       0x1f build/port.o
 .comment       0x000000000000001e       0x1f build/stm32f1xx_hal_uart.o
 .comment       0x000000000000001e       0x1f build/stm32f1xx_hal_i2c.o
 .comment       0x000000000000001e       0x1f build/stm32f1xx_hal_spi.o
 .comment       0x000000000000001e       0x1f build/base.o
 .comment       0x000000000000001e       0x1f build/SEGGER_RTT.o
 .comment       0x000000000000001e       0x1f build/SEGGER_RTT_printf.o
 .comment       0x000000000000001e       0x1f build/task_blink.o

.debug_frame    0x0000000000000000     0x49d0
 .debug_frame   0x0000000000000000       0x58 build/main.o
 .debug_frame   0x0000000000000058       0xa0 build/stm32f1xx_it.o
 .debug_frame   0x00000000000000f8       0xd8 build/stm32f1xx_hal_msp.o
 .debug_frame   0x00000000000001d0       0x50 build/stm32f1xx_hal_timebase_tim.o
 .debug_frame   0x0000000000000220      0x1cc build/stm32f1xx_hal.o
 .debug_frame   0x00000000000003ec      0x190 build/stm32f1xx_hal_rcc.o
 .debug_frame   0x000000000000057c       0xe4 build/stm32f1xx_hal_gpio.o
 .debug_frame   0x0000000000000660      0x144 build/stm32f1xx_hal_dma.o
 .debug_frame   0x00000000000007a4      0x118 build/stm32f1xx_hal_cortex.o
 .debug_frame   0x00000000000008bc      0xb10 build/stm32f1xx_hal_tim.o
 .debug_frame   0x00000000000013cc      0x40c build/stm32f1xx_hal_tim_ex.o
 .debug_frame   0x00000000000017d8       0x30 build/system_stm32f1xx.o
 .debug_frame   0x0000000000001808       0x70 build/list.o
 .debug_frame   0x0000000000001878      0x458 build/queue.o
 .debug_frame   0x0000000000001cd0      0x660 build/tasks.o
 .debug_frame   0x0000000000002330      0x2c4 build/timers.o
 .debug_frame   0x00000000000025f4      0x79c build/cmsis_os2.o
 .debug_frame   0x0000000000002d90       0xb0 build/heap_4.o
 .debug_frame   0x0000000000002e40       0xf0 build/port.o
 .debug_frame   0x0000000000002f30      0x4e8 build/stm32f1xx_hal_uart.o
 .debug_frame   0x0000000000003418      0x968 build/stm32f1xx_hal_i2c.o
 .debug_frame   0x0000000000003d80      0x5a4 build/stm32f1xx_hal_spi.o
 .debug_frame   0x0000000000004324      0x114 build/base.o
 .debug_frame   0x0000000000004438      0x40c build/SEGGER_RTT.o
 .debug_frame   0x0000000000004844       0xd4 build/SEGGER_RTT_printf.o
 .debug_frame   0x0000000000004918       0x44 build/task_blink.o
 .debug_frame   0x000000000000495c       0x2c /usr/lib/gcc/arm-none-eabi/11.1.0/../../../../arm-none-eabi/lib/thumb/v7-m/nofp/libc_nano.a(lib_a-init.o)
 .debug_frame   0x0000000000004988       0x28 /usr/lib/gcc/arm-none-eabi/11.1.0/../../../../arm-none-eabi/lib/thumb/v7-m/nofp/libc_nano.a(lib_a-memcpy-stub.o)
 .debug_frame   0x00000000000049b0       0x20 /usr/lib/gcc/arm-none-eabi/11.1.0/../../../../arm-none-eabi/lib/thumb/v7-m/nofp/libc_nano.a(lib_a-memset.o)

Cross Reference Table

Symbol                                            File
ADC1_2_IRQHandler                                 build/startup_stm32f103x6.o
AHBPrescTable                                     build/system_stm32f1xx.o
                                                  build/stm32f1xx_hal_rcc.o
APBPrescTable                                     build/system_stm32f1xx.o
                                                  build/stm32f1xx_hal_rcc.o
App_Task_Blink                                    build/task_blink.o
App_Task_Blink_Init                               build/task_blink.o
                                                  build/main.o
Base_Chip_Init                                    build/base.o
                                                  build/main.o
BusFault_Handler                                  build/stm32f1xx_it.o
CAN1_RX1_IRQHandler                               build/startup_stm32f103x6.o
CAN1_SCE_IRQHandler                               build/startup_stm32f103x6.o
DMA1_Channel1_IRQHandler                          build/startup_stm32f103x6.o
DMA1_Channel2_IRQHandler                          build/startup_stm32f103x6.o
DMA1_Channel3_IRQHandler                          build/startup_stm32f103x6.o
DMA1_Channel4_IRQHandler                          build/startup_stm32f103x6.o
DMA1_Channel5_IRQHandler                          build/startup_stm32f103x6.o
DMA1_Channel6_IRQHandler                          build/startup_stm32f103x6.o
DMA1_Channel7_IRQHandler                          build/startup_stm32f103x6.o
DebugMon_Handler                                  build/stm32f1xx_it.o
Default_Handler                                   build/startup_stm32f103x6.o
EXTI0_IRQHandler                                  build/startup_stm32f103x6.o
EXTI15_10_IRQHandler                              build/startup_stm32f103x6.o
EXTI1_IRQHandler                                  build/startup_stm32f103x6.o
EXTI2_IRQHandler                                  build/startup_stm32f103x6.o
EXTI3_IRQHandler                                  build/startup_stm32f103x6.o
EXTI4_IRQHandler                                  build/startup_stm32f103x6.o
EXTI9_5_IRQHandler                                build/startup_stm32f103x6.o
Error_Handler                                     build/base.o
                                                  build/main.o
FLASH_IRQHandler                                  build/startup_stm32f103x6.o
FLASH_PageErase                                   build/stm32f1xx_hal_flash_ex.o
                                                  build/stm32f1xx_hal_flash.o
FLASH_WaitForLastOperation                        build/stm32f1xx_hal_flash.o
                                                  build/stm32f1xx_hal_flash_ex.o
HAL_DBGMCU_DisableDBGSleepMode                    build/stm32f1xx_hal.o
HAL_DBGMCU_DisableDBGStandbyMode                  build/stm32f1xx_hal.o
HAL_DBGMCU_DisableDBGStopMode                     build/stm32f1xx_hal.o
HAL_DBGMCU_EnableDBGSleepMode                     build/stm32f1xx_hal.o
HAL_DBGMCU_EnableDBGStandbyMode                   build/stm32f1xx_hal.o
HAL_DBGMCU_EnableDBGStopMode                      build/stm32f1xx_hal.o
HAL_DMA_Abort                                     build/stm32f1xx_hal_dma.o
                                                  build/stm32f1xx_hal_spi.o
                                                  build/stm32f1xx_hal_uart.o
HAL_DMA_Abort_IT                                  build/stm32f1xx_hal_dma.o
                                                  build/stm32f1xx_hal_spi.o
                                                  build/stm32f1xx_hal_i2c.o
                                                  build/stm32f1xx_hal_uart.o
                                                  build/stm32f1xx_hal_tim_ex.o
                                                  build/stm32f1xx_hal_tim.o
HAL_DMA_DeInit                                    build/stm32f1xx_hal_dma.o
HAL_DMA_GetError                                  build/stm32f1xx_hal_dma.o
                                                  build/stm32f1xx_hal_uart.o
HAL_DMA_GetState                                  build/stm32f1xx_hal_dma.o
                                                  build/stm32f1xx_hal_i2c.o
HAL_DMA_IRQHandler                                build/stm32f1xx_hal_dma.o
HAL_DMA_Init                                      build/stm32f1xx_hal_dma.o
HAL_DMA_PollForTransfer                           build/stm32f1xx_hal_dma.o
HAL_DMA_RegisterCallback                          build/stm32f1xx_hal_dma.o
HAL_DMA_Start                                     build/stm32f1xx_hal_dma.o
HAL_DMA_Start_IT                                  build/stm32f1xx_hal_dma.o
                                                  build/stm32f1xx_hal_spi.o
                                                  build/stm32f1xx_hal_i2c.o
                                                  build/stm32f1xx_hal_uart.o
                                                  build/stm32f1xx_hal_tim_ex.o
                                                  build/stm32f1xx_hal_tim.o
HAL_DMA_UnRegisterCallback                        build/stm32f1xx_hal_dma.o
HAL_DeInit                                        build/stm32f1xx_hal.o
HAL_Delay                                         build/stm32f1xx_hal.o
HAL_EXTI_ClearConfigLine                          build/stm32f1xx_hal_exti.o
HAL_EXTI_ClearPending                             build/stm32f1xx_hal_exti.o
HAL_EXTI_GenerateSWI                              build/stm32f1xx_hal_exti.o
HAL_EXTI_GetConfigLine                            build/stm32f1xx_hal_exti.o
HAL_EXTI_GetHandle                                build/stm32f1xx_hal_exti.o
HAL_EXTI_GetPending                               build/stm32f1xx_hal_exti.o
HAL_EXTI_IRQHandler                               build/stm32f1xx_hal_exti.o
HAL_EXTI_RegisterCallback                         build/stm32f1xx_hal_exti.o
HAL_EXTI_SetConfigLine                            build/stm32f1xx_hal_exti.o
HAL_FLASHEx_Erase                                 build/stm32f1xx_hal_flash_ex.o
HAL_FLASHEx_Erase_IT                              build/stm32f1xx_hal_flash_ex.o
HAL_FLASHEx_OBErase                               build/stm32f1xx_hal_flash_ex.o
HAL_FLASHEx_OBGetConfig                           build/stm32f1xx_hal_flash_ex.o
HAL_FLASHEx_OBGetUserData                         build/stm32f1xx_hal_flash_ex.o
HAL_FLASHEx_OBProgram                             build/stm32f1xx_hal_flash_ex.o
HAL_FLASH_EndOfOperationCallback                  build/stm32f1xx_hal_flash.o
HAL_FLASH_GetError                                build/stm32f1xx_hal_flash.o
HAL_FLASH_IRQHandler                              build/stm32f1xx_hal_flash.o
HAL_FLASH_Lock                                    build/stm32f1xx_hal_flash.o
HAL_FLASH_OB_Launch                               build/stm32f1xx_hal_flash.o
HAL_FLASH_OB_Lock                                 build/stm32f1xx_hal_flash.o
HAL_FLASH_OB_Unlock                               build/stm32f1xx_hal_flash.o
HAL_FLASH_OperationErrorCallback                  build/stm32f1xx_hal_flash.o
HAL_FLASH_Program                                 build/stm32f1xx_hal_flash.o
HAL_FLASH_Program_IT                              build/stm32f1xx_hal_flash.o
HAL_FLASH_Unlock                                  build/stm32f1xx_hal_flash.o
HAL_GPIOEx_ConfigEventout                         build/stm32f1xx_hal_gpio_ex.o
HAL_GPIOEx_DisableEventout                        build/stm32f1xx_hal_gpio_ex.o
HAL_GPIOEx_EnableEventout                         build/stm32f1xx_hal_gpio_ex.o
HAL_GPIO_DeInit                                   build/stm32f1xx_hal_gpio.o
                                                  build/stm32f1xx_hal_msp.o
HAL_GPIO_EXTI_Callback                            build/stm32f1xx_hal_gpio.o
HAL_GPIO_EXTI_IRQHandler                          build/stm32f1xx_hal_gpio.o
HAL_GPIO_Init                                     build/stm32f1xx_hal_gpio.o
                                                  build/base.o
                                                  build/stm32f1xx_hal_rcc.o
                                                  build/stm32f1xx_hal_msp.o
HAL_GPIO_LockPin                                  build/stm32f1xx_hal_gpio.o
HAL_GPIO_ReadPin                                  build/stm32f1xx_hal_gpio.o
HAL_GPIO_TogglePin                                build/stm32f1xx_hal_gpio.o
                                                  build/task_blink.o
HAL_GPIO_WritePin                                 build/stm32f1xx_hal_gpio.o
                                                  build/base.o
HAL_GetDEVID                                      build/stm32f1xx_hal.o
HAL_GetHalVersion                                 build/stm32f1xx_hal.o
HAL_GetREVID                                      build/stm32f1xx_hal.o
HAL_GetTick                                       build/stm32f1xx_hal.o
                                                  build/stm32f1xx_hal_spi.o
                                                  build/stm32f1xx_hal_i2c.o
                                                  build/stm32f1xx_hal_uart.o
                                                  build/stm32f1xx_hal_flash.o
                                                  build/stm32f1xx_hal_dma.o
                                                  build/stm32f1xx_hal_rcc_ex.o
                                                  build/stm32f1xx_hal_rcc.o
HAL_GetTickFreq                                   build/stm32f1xx_hal.o
HAL_GetTickPrio                                   build/stm32f1xx_hal.o
HAL_GetUIDw0                                      build/stm32f1xx_hal.o
HAL_GetUIDw1                                      build/stm32f1xx_hal.o
HAL_GetUIDw2                                      build/stm32f1xx_hal.o
HAL_HalfDuplex_EnableReceiver                     build/stm32f1xx_hal_uart.o
HAL_HalfDuplex_EnableTransmitter                  build/stm32f1xx_hal_uart.o
HAL_HalfDuplex_Init                               build/stm32f1xx_hal_uart.o
HAL_I2C_AbortCpltCallback                         build/stm32f1xx_hal_i2c.o
HAL_I2C_AddrCallback                              build/stm32f1xx_hal_i2c.o
HAL_I2C_DeInit                                    build/stm32f1xx_hal_i2c.o
HAL_I2C_DisableListen_IT                          build/stm32f1xx_hal_i2c.o
HAL_I2C_ER_IRQHandler                             build/stm32f1xx_hal_i2c.o
HAL_I2C_EV_IRQHandler                             build/stm32f1xx_hal_i2c.o
HAL_I2C_EnableListen_IT                           build/stm32f1xx_hal_i2c.o
HAL_I2C_ErrorCallback                             build/stm32f1xx_hal_i2c.o
HAL_I2C_GetError                                  build/stm32f1xx_hal_i2c.o
HAL_I2C_GetMode                                   build/stm32f1xx_hal_i2c.o
HAL_I2C_GetState                                  build/stm32f1xx_hal_i2c.o
HAL_I2C_Init                                      build/stm32f1xx_hal_i2c.o
                                                  build/base.o
HAL_I2C_IsDeviceReady                             build/stm32f1xx_hal_i2c.o
HAL_I2C_ListenCpltCallback                        build/stm32f1xx_hal_i2c.o
HAL_I2C_MasterRxCpltCallback                      build/stm32f1xx_hal_i2c.o
HAL_I2C_MasterTxCpltCallback                      build/stm32f1xx_hal_i2c.o
HAL_I2C_Master_Abort_IT                           build/stm32f1xx_hal_i2c.o
HAL_I2C_Master_Receive                            build/stm32f1xx_hal_i2c.o
HAL_I2C_Master_Receive_DMA                        build/stm32f1xx_hal_i2c.o
HAL_I2C_Master_Receive_IT                         build/stm32f1xx_hal_i2c.o
HAL_I2C_Master_Seq_Receive_DMA                    build/stm32f1xx_hal_i2c.o
HAL_I2C_Master_Seq_Receive_IT                     build/stm32f1xx_hal_i2c.o
HAL_I2C_Master_Seq_Transmit_DMA                   build/stm32f1xx_hal_i2c.o
HAL_I2C_Master_Seq_Transmit_IT                    build/stm32f1xx_hal_i2c.o
HAL_I2C_Master_Transmit                           build/stm32f1xx_hal_i2c.o
HAL_I2C_Master_Transmit_DMA                       build/stm32f1xx_hal_i2c.o
HAL_I2C_Master_Transmit_IT                        build/stm32f1xx_hal_i2c.o
HAL_I2C_MemRxCpltCallback                         build/stm32f1xx_hal_i2c.o
HAL_I2C_MemTxCpltCallback                         build/stm32f1xx_hal_i2c.o
HAL_I2C_Mem_Read                                  build/stm32f1xx_hal_i2c.o
HAL_I2C_Mem_Read_DMA                              build/stm32f1xx_hal_i2c.o
HAL_I2C_Mem_Read_IT                               build/stm32f1xx_hal_i2c.o
HAL_I2C_Mem_Write                                 build/stm32f1xx_hal_i2c.o
HAL_I2C_Mem_Write_DMA                             build/stm32f1xx_hal_i2c.o
HAL_I2C_Mem_Write_IT                              build/stm32f1xx_hal_i2c.o
HAL_I2C_MspDeInit                                 build/stm32f1xx_hal_msp.o
HAL_I2C_MspInit                                   build/stm32f1xx_hal_msp.o
HAL_I2C_SlaveRxCpltCallback                       build/stm32f1xx_hal_i2c.o
HAL_I2C_SlaveTxCpltCallback                       build/stm32f1xx_hal_i2c.o
HAL_I2C_Slave_Receive                             build/stm32f1xx_hal_i2c.o
HAL_I2C_Slave_Receive_DMA                         build/stm32f1xx_hal_i2c.o
HAL_I2C_Slave_Receive_IT                          build/stm32f1xx_hal_i2c.o
HAL_I2C_Slave_Seq_Receive_DMA                     build/stm32f1xx_hal_i2c.o
HAL_I2C_Slave_Seq_Receive_IT                      build/stm32f1xx_hal_i2c.o
HAL_I2C_Slave_Seq_Transmit_DMA                    build/stm32f1xx_hal_i2c.o
HAL_I2C_Slave_Seq_Transmit_IT                     build/stm32f1xx_hal_i2c.o
HAL_I2C_Slave_Transmit                            build/stm32f1xx_hal_i2c.o
HAL_I2C_Slave_Transmit_DMA                        build/stm32f1xx_hal_i2c.o
HAL_I2C_Slave_Transmit_IT                         build/stm32f1xx_hal_i2c.o
HAL_IncTick                                       build/stm32f1xx_hal.o
                                                  build/main.o
HAL_Init                                          build/stm32f1xx_hal.o
                                                  build/base.o
HAL_InitTick                                      build/stm32f1xx_hal_timebase_tim.o
                                                  build/stm32f1xx_hal_rcc.o
HAL_LIN_Init                                      build/stm32f1xx_hal_uart.o
HAL_LIN_SendBreak                                 build/stm32f1xx_hal_uart.o
HAL_MspDeInit                                     build/stm32f1xx_hal.o
HAL_MspInit                                       build/stm32f1xx_hal_msp.o
HAL_MultiProcessor_EnterMuteMode                  build/stm32f1xx_hal_uart.o
HAL_MultiProcessor_ExitMuteMode                   build/stm32f1xx_hal_uart.o
HAL_MultiProcessor_Init                           build/stm32f1xx_hal_uart.o
HAL_NVIC_ClearPendingIRQ                          build/stm32f1xx_hal_cortex.o
HAL_NVIC_DisableIRQ                               build/stm32f1xx_hal_cortex.o
                                                  build/stm32f1xx_hal_msp.o
HAL_NVIC_EnableIRQ                                build/stm32f1xx_hal_cortex.o
                                                  build/stm32f1xx_hal_timebase_tim.o
                                                  build/stm32f1xx_hal_msp.o
HAL_NVIC_GetActive                                build/stm32f1xx_hal_cortex.o
HAL_NVIC_GetPendingIRQ                            build/stm32f1xx_hal_cortex.o
HAL_NVIC_GetPriority                              build/stm32f1xx_hal_cortex.o
HAL_NVIC_GetPriorityGrouping                      build/stm32f1xx_hal_cortex.o
HAL_NVIC_SetPendingIRQ                            build/stm32f1xx_hal_cortex.o
HAL_NVIC_SetPriority                              build/stm32f1xx_hal_cortex.o
                                                  build/stm32f1xx_hal.o
                                                  build/stm32f1xx_hal_timebase_tim.o
                                                  build/stm32f1xx_hal_msp.o
HAL_NVIC_SetPriorityGrouping                      build/stm32f1xx_hal_cortex.o
                                                  build/stm32f1xx_hal.o
HAL_NVIC_SystemReset                              build/stm32f1xx_hal_cortex.o
                                                  build/stm32f1xx_hal_flash.o
HAL_PWR_ConfigPVD                                 build/stm32f1xx_hal_pwr.o
HAL_PWR_DeInit                                    build/stm32f1xx_hal_pwr.o
HAL_PWR_DisableBkUpAccess                         build/stm32f1xx_hal_pwr.o
HAL_PWR_DisablePVD                                build/stm32f1xx_hal_pwr.o
HAL_PWR_DisableSEVOnPend                          build/stm32f1xx_hal_pwr.o
HAL_PWR_DisableSleepOnExit                        build/stm32f1xx_hal_pwr.o
HAL_PWR_DisableWakeUpPin                          build/stm32f1xx_hal_pwr.o
HAL_PWR_EnableBkUpAccess                          build/stm32f1xx_hal_pwr.o
HAL_PWR_EnablePVD                                 build/stm32f1xx_hal_pwr.o
HAL_PWR_EnableSEVOnPend                           build/stm32f1xx_hal_pwr.o
HAL_PWR_EnableSleepOnExit                         build/stm32f1xx_hal_pwr.o
HAL_PWR_EnableWakeUpPin                           build/stm32f1xx_hal_pwr.o
HAL_PWR_EnterSLEEPMode                            build/stm32f1xx_hal_pwr.o
HAL_PWR_EnterSTANDBYMode                          build/stm32f1xx_hal_pwr.o
HAL_PWR_EnterSTOPMode                             build/stm32f1xx_hal_pwr.o
HAL_PWR_PVDCallback                               build/stm32f1xx_hal_pwr.o
HAL_PWR_PVD_IRQHandler                            build/stm32f1xx_hal_pwr.o
HAL_RCCEx_GetPeriphCLKConfig                      build/stm32f1xx_hal_rcc_ex.o
HAL_RCCEx_GetPeriphCLKFreq                        build/stm32f1xx_hal_rcc_ex.o
HAL_RCCEx_PeriphCLKConfig                         build/stm32f1xx_hal_rcc_ex.o
HAL_RCC_CSSCallback                               build/stm32f1xx_hal_rcc.o
HAL_RCC_ClockConfig                               build/stm32f1xx_hal_rcc.o
                                                  build/base.o
HAL_RCC_DeInit                                    build/stm32f1xx_hal_rcc.o
HAL_RCC_DisableCSS                                build/stm32f1xx_hal_rcc.o
HAL_RCC_EnableCSS                                 build/stm32f1xx_hal_rcc.o
HAL_RCC_GetClockConfig                            build/stm32f1xx_hal_rcc.o
                                                  build/stm32f1xx_hal_timebase_tim.o
HAL_RCC_GetHCLKFreq                               build/stm32f1xx_hal_rcc.o
HAL_RCC_GetOscConfig                              build/stm32f1xx_hal_rcc.o
HAL_RCC_GetPCLK1Freq                              build/stm32f1xx_hal_rcc.o
                                                  build/stm32f1xx_hal_i2c.o
                                                  build/stm32f1xx_hal_uart.o
                                                  build/stm32f1xx_hal_timebase_tim.o
HAL_RCC_GetPCLK2Freq                              build/stm32f1xx_hal_rcc.o
                                                  build/stm32f1xx_hal_uart.o
                                                  build/stm32f1xx_hal_rcc_ex.o
HAL_RCC_GetSysClockFreq                           build/stm32f1xx_hal_rcc.o
HAL_RCC_MCOConfig                                 build/stm32f1xx_hal_rcc.o
HAL_RCC_NMI_IRQHandler                            build/stm32f1xx_hal_rcc.o
HAL_RCC_OscConfig                                 build/stm32f1xx_hal_rcc.o
                                                  build/base.o
HAL_ResumeTick                                    build/stm32f1xx_hal_timebase_tim.o
HAL_SPI_Abort                                     build/stm32f1xx_hal_spi.o
HAL_SPI_AbortCpltCallback                         build/stm32f1xx_hal_spi.o
HAL_SPI_Abort_IT                                  build/stm32f1xx_hal_spi.o
HAL_SPI_DMAPause                                  build/stm32f1xx_hal_spi.o
HAL_SPI_DMAResume                                 build/stm32f1xx_hal_spi.o
HAL_SPI_DMAStop                                   build/stm32f1xx_hal_spi.o
HAL_SPI_DeInit                                    build/stm32f1xx_hal_spi.o
HAL_SPI_ErrorCallback                             build/stm32f1xx_hal_spi.o
HAL_SPI_GetError                                  build/stm32f1xx_hal_spi.o
HAL_SPI_GetState                                  build/stm32f1xx_hal_spi.o
HAL_SPI_IRQHandler                                build/stm32f1xx_hal_spi.o
HAL_SPI_Init                                      build/stm32f1xx_hal_spi.o
                                                  build/base.o
HAL_SPI_MspDeInit                                 build/stm32f1xx_hal_msp.o
HAL_SPI_MspInit                                   build/stm32f1xx_hal_msp.o
HAL_SPI_Receive                                   build/stm32f1xx_hal_spi.o
HAL_SPI_Receive_DMA                               build/stm32f1xx_hal_spi.o
HAL_SPI_Receive_IT                                build/stm32f1xx_hal_spi.o
HAL_SPI_RxCpltCallback                            build/stm32f1xx_hal_spi.o
HAL_SPI_RxHalfCpltCallback                        build/stm32f1xx_hal_spi.o
HAL_SPI_Transmit                                  build/stm32f1xx_hal_spi.o
HAL_SPI_TransmitReceive                           build/stm32f1xx_hal_spi.o
HAL_SPI_TransmitReceive_DMA                       build/stm32f1xx_hal_spi.o
HAL_SPI_TransmitReceive_IT                        build/stm32f1xx_hal_spi.o
HAL_SPI_Transmit_DMA                              build/stm32f1xx_hal_spi.o
HAL_SPI_Transmit_IT                               build/stm32f1xx_hal_spi.o
HAL_SPI_TxCpltCallback                            build/stm32f1xx_hal_spi.o
HAL_SPI_TxHalfCpltCallback                        build/stm32f1xx_hal_spi.o
HAL_SPI_TxRxCpltCallback                          build/stm32f1xx_hal_spi.o
HAL_SPI_TxRxHalfCpltCallback                      build/stm32f1xx_hal_spi.o
HAL_SYSTICK_CLKSourceConfig                       build/stm32f1xx_hal_cortex.o
HAL_SYSTICK_Callback                              build/stm32f1xx_hal_cortex.o
HAL_SYSTICK_Config                                build/stm32f1xx_hal_cortex.o
                                                  build/stm32f1xx_hal.o
HAL_SYSTICK_IRQHandler                            build/stm32f1xx_hal_cortex.o
HAL_SetTickFreq                                   build/stm32f1xx_hal.o
HAL_SuspendTick                                   build/stm32f1xx_hal_timebase_tim.o
HAL_TIMEx_BreakCallback                           build/stm32f1xx_hal_tim_ex.o
                                                  build/stm32f1xx_hal_tim.o
HAL_TIMEx_CommutCallback                          build/stm32f1xx_hal_tim_ex.o
                                                  build/stm32f1xx_hal_tim.o
HAL_TIMEx_CommutHalfCpltCallback                  build/stm32f1xx_hal_tim_ex.o
HAL_TIMEx_ConfigBreakDeadTime                     build/stm32f1xx_hal_tim_ex.o
HAL_TIMEx_ConfigCommutEvent                       build/stm32f1xx_hal_tim_ex.o
HAL_TIMEx_ConfigCommutEvent_DMA                   build/stm32f1xx_hal_tim_ex.o
HAL_TIMEx_ConfigCommutEvent_IT                    build/stm32f1xx_hal_tim_ex.o
HAL_TIMEx_GetChannelNState                        build/stm32f1xx_hal_tim_ex.o
HAL_TIMEx_HallSensor_DeInit                       build/stm32f1xx_hal_tim_ex.o
HAL_TIMEx_HallSensor_GetState                     build/stm32f1xx_hal_tim_ex.o
HAL_TIMEx_HallSensor_Init                         build/stm32f1xx_hal_tim_ex.o
HAL_TIMEx_HallSensor_MspDeInit                    build/stm32f1xx_hal_tim_ex.o
HAL_TIMEx_HallSensor_MspInit                      build/stm32f1xx_hal_tim_ex.o
HAL_TIMEx_HallSensor_Start                        build/stm32f1xx_hal_tim_ex.o
HAL_TIMEx_HallSensor_Start_DMA                    build/stm32f1xx_hal_tim_ex.o
HAL_TIMEx_HallSensor_Start_IT                     build/stm32f1xx_hal_tim_ex.o
HAL_TIMEx_HallSensor_Stop                         build/stm32f1xx_hal_tim_ex.o
HAL_TIMEx_HallSensor_Stop_DMA                     build/stm32f1xx_hal_tim_ex.o
HAL_TIMEx_HallSensor_Stop_IT                      build/stm32f1xx_hal_tim_ex.o
HAL_TIMEx_MasterConfigSynchronization             build/stm32f1xx_hal_tim_ex.o
HAL_TIMEx_OCN_Start                               build/stm32f1xx_hal_tim_ex.o
HAL_TIMEx_OCN_Start_DMA                           build/stm32f1xx_hal_tim_ex.o
HAL_TIMEx_OCN_Start_IT                            build/stm32f1xx_hal_tim_ex.o
HAL_TIMEx_OCN_Stop                                build/stm32f1xx_hal_tim_ex.o
HAL_TIMEx_OCN_Stop_DMA                            build/stm32f1xx_hal_tim_ex.o
HAL_TIMEx_OCN_Stop_IT                             build/stm32f1xx_hal_tim_ex.o
HAL_TIMEx_OnePulseN_Start                         build/stm32f1xx_hal_tim_ex.o
HAL_TIMEx_OnePulseN_Start_IT                      build/stm32f1xx_hal_tim_ex.o
HAL_TIMEx_OnePulseN_Stop                          build/stm32f1xx_hal_tim_ex.o
HAL_TIMEx_OnePulseN_Stop_IT                       build/stm32f1xx_hal_tim_ex.o
HAL_TIMEx_PWMN_Start                              build/stm32f1xx_hal_tim_ex.o
HAL_TIMEx_PWMN_Start_DMA                          build/stm32f1xx_hal_tim_ex.o
HAL_TIMEx_PWMN_Start_IT                           build/stm32f1xx_hal_tim_ex.o
HAL_TIMEx_PWMN_Stop                               build/stm32f1xx_hal_tim_ex.o
HAL_TIMEx_PWMN_Stop_DMA                           build/stm32f1xx_hal_tim_ex.o
HAL_TIMEx_PWMN_Stop_IT                            build/stm32f1xx_hal_tim_ex.o
HAL_TIMEx_RemapConfig                             build/stm32f1xx_hal_tim_ex.o
HAL_TIM_Base_DeInit                               build/stm32f1xx_hal_tim.o
HAL_TIM_Base_GetState                             build/stm32f1xx_hal_tim.o
HAL_TIM_Base_Init                                 build/stm32f1xx_hal_tim.o
                                                  build/stm32f1xx_hal_timebase_tim.o
HAL_TIM_Base_MspDeInit                            build/stm32f1xx_hal_tim.o
HAL_TIM_Base_MspInit                              build/stm32f1xx_hal_tim.o
HAL_TIM_Base_Start                                build/stm32f1xx_hal_tim.o
HAL_TIM_Base_Start_DMA                            build/stm32f1xx_hal_tim.o
HAL_TIM_Base_Start_IT                             build/stm32f1xx_hal_tim.o
                                                  build/stm32f1xx_hal_timebase_tim.o
HAL_TIM_Base_Stop                                 build/stm32f1xx_hal_tim.o
HAL_TIM_Base_Stop_DMA                             build/stm32f1xx_hal_tim.o
HAL_TIM_Base_Stop_IT                              build/stm32f1xx_hal_tim.o
HAL_TIM_ConfigClockSource                         build/stm32f1xx_hal_tim.o
HAL_TIM_ConfigOCrefClear                          build/stm32f1xx_hal_tim.o
HAL_TIM_ConfigTI1Input                            build/stm32f1xx_hal_tim.o
HAL_TIM_DMABurstState                             build/stm32f1xx_hal_tim.o
HAL_TIM_DMABurst_MultiReadStart                   build/stm32f1xx_hal_tim.o
HAL_TIM_DMABurst_MultiWriteStart                  build/stm32f1xx_hal_tim.o
HAL_TIM_DMABurst_ReadStart                        build/stm32f1xx_hal_tim.o
HAL_TIM_DMABurst_ReadStop                         build/stm32f1xx_hal_tim.o
HAL_TIM_DMABurst_WriteStart                       build/stm32f1xx_hal_tim.o
HAL_TIM_DMABurst_WriteStop                        build/stm32f1xx_hal_tim.o
HAL_TIM_Encoder_DeInit                            build/stm32f1xx_hal_tim.o
HAL_TIM_Encoder_GetState                          build/stm32f1xx_hal_tim.o
HAL_TIM_Encoder_Init                              build/stm32f1xx_hal_tim.o
HAL_TIM_Encoder_MspDeInit                         build/stm32f1xx_hal_tim.o
HAL_TIM_Encoder_MspInit                           build/stm32f1xx_hal_tim.o
HAL_TIM_Encoder_Start                             build/stm32f1xx_hal_tim.o
HAL_TIM_Encoder_Start_DMA                         build/stm32f1xx_hal_tim.o
HAL_TIM_Encoder_Start_IT                          build/stm32f1xx_hal_tim.o
HAL_TIM_Encoder_Stop                              build/stm32f1xx_hal_tim.o
HAL_TIM_Encoder_Stop_DMA                          build/stm32f1xx_hal_tim.o
HAL_TIM_Encoder_Stop_IT                           build/stm32f1xx_hal_tim.o
HAL_TIM_ErrorCallback                             build/stm32f1xx_hal_tim.o
                                                  build/stm32f1xx_hal_tim_ex.o
HAL_TIM_GenerateEvent                             build/stm32f1xx_hal_tim.o
HAL_TIM_GetActiveChannel                          build/stm32f1xx_hal_tim.o
HAL_TIM_GetChannelState                           build/stm32f1xx_hal_tim.o
HAL_TIM_IC_CaptureCallback                        build/stm32f1xx_hal_tim.o
HAL_TIM_IC_CaptureHalfCpltCallback                build/stm32f1xx_hal_tim.o
HAL_TIM_IC_ConfigChannel                          build/stm32f1xx_hal_tim.o
HAL_TIM_IC_DeInit                                 build/stm32f1xx_hal_tim.o
HAL_TIM_IC_GetState                               build/stm32f1xx_hal_tim.o
HAL_TIM_IC_Init                                   build/stm32f1xx_hal_tim.o
HAL_TIM_IC_MspDeInit                              build/stm32f1xx_hal_tim.o
HAL_TIM_IC_MspInit                                build/stm32f1xx_hal_tim.o
HAL_TIM_IC_Start                                  build/stm32f1xx_hal_tim.o
HAL_TIM_IC_Start_DMA                              build/stm32f1xx_hal_tim.o
HAL_TIM_IC_Start_IT                               build/stm32f1xx_hal_tim.o
HAL_TIM_IC_Stop                                   build/stm32f1xx_hal_tim.o
HAL_TIM_IC_Stop_DMA                               build/stm32f1xx_hal_tim.o
HAL_TIM_IC_Stop_IT                                build/stm32f1xx_hal_tim.o
HAL_TIM_IRQHandler                                build/stm32f1xx_hal_tim.o
                                                  build/stm32f1xx_it.o
HAL_TIM_OC_ConfigChannel                          build/stm32f1xx_hal_tim.o
HAL_TIM_OC_DeInit                                 build/stm32f1xx_hal_tim.o
HAL_TIM_OC_DelayElapsedCallback                   build/stm32f1xx_hal_tim.o
HAL_TIM_OC_GetState                               build/stm32f1xx_hal_tim.o
HAL_TIM_OC_Init                                   build/stm32f1xx_hal_tim.o
HAL_TIM_OC_MspDeInit                              build/stm32f1xx_hal_tim.o
HAL_TIM_OC_MspInit                                build/stm32f1xx_hal_tim.o
HAL_TIM_OC_Start                                  build/stm32f1xx_hal_tim.o
HAL_TIM_OC_Start_DMA                              build/stm32f1xx_hal_tim.o
HAL_TIM_OC_Start_IT                               build/stm32f1xx_hal_tim.o
HAL_TIM_OC_Stop                                   build/stm32f1xx_hal_tim.o